<html>
<body>
<pre>
<h1>礦ision Build Log</h1>
<h2>Tool Versions:</h2>
IDE-Version: μVision V5.18.0.0
Copyright (C) 2016 ARM Ltd and ARM Germany GmbH. All rights reserved.
License Information: 发发发 ff过, 过过, LIC=47GVE-5MTPM-HL5CL-0LS29-ICFLM-VUJ9H
 
Tool Versions:
Toolchain:       MDK-ARM Standard  Version: 5.18
Toolchain Path:  D:\Program Files\KEIL for ARM\ARM\ARMCC\Bin
C Compiler:      Armcc.exe V5.06 update 1 (build 61)
Assembler:       Armasm.exe V5.06 update 1 (build 61)
Linker/Locator:  ArmLink.exe V5.06 update 1 (build 61)
Library Manager: ArmAr.exe V5.06 update 1 (build 61)
Hex Converter:   FromElf.exe V5.06 update 1 (build 61)
CPU DLL:         SARMCM3.DLL V5.18
Dialog DLL:      DCM.DLL V1.13.6.0
Target DLL:      STLink\ST-LINKIII-KEIL_SWO.dll V2.0.18.0
Dialog DLL:      TCM.DLL V1.14.8.0
 
<h2>Project:</h2>
E:\Algorithm_17111701\Speed_Constraint\C\CQYD_VC_17111701\MDK-ARM\MIMU_Core_7X.uvprojx
Project File Date:  11/17/2017

<h2>Output:</h2>
*** Using Compiler 'V5.06 update 1 (build 61)', folder: 'D:\Program Files\KEIL for ARM\ARM\ARMCC\Bin'
Build target 'MIMU_Core_7X'
compiling stm32f7xx_hal_msp.c...
compiling tim.c...
compiling usart.c...
compiling gpio.c...
compiling dma.c...
compiling main.c...
compiling stm32f7xx_it.c...
compiling ConfigInit.c...
compiling Config.c...
compiling InterruptInit.c...
compiling Interrupt.c...
..\Sources\Users\Interrupt.c(14): warning:  #177-D: variable "uart1_check_valid_count" was declared but never referenced
  static uint16_t uart1_check_valid_count=0;
..\Sources\Users\Interrupt.c(15): warning:  #177-D: variable "uart1_rx_count" was declared but never referenced
  static uint16_t uart1_rx_count=0;
..\Sources\Users\Interrupt.c(16): warning:  #177-D: variable "Buffer_Command" was declared but never referenced
  static uint8_t Buffer_Command[COMMAND_NUM]={0};
..\Sources\Users\Interrupt.c(17): warning:  #177-D: variable "header" was declared but never referenced
  static uint8_t  header[HEADER_LENGTH]={0};
..\Sources\Users\Interrupt.c(19): warning:  #177-D: variable "uart1_check" was declared but never referenced
  static uint8_t  uart1_check=0;
..\Sources\Users\Interrupt.c(20): warning:  #177-D: variable "Current_Command_Id" was declared but never referenced
  static uint16_t Current_Command_Id=0;
..\Sources\Users\Interrupt.c(21): warning:  #177-D: variable "Command_Flag" was declared but never referenced
  static uint8_t Command_Flag=Command_InValid;
..\Sources\Users\Interrupt.c: 7 warnings, 0 errors
compiling TaskSequence.c...
compiling KFFilter.c...
compiling TaskSequenceInit.c...
compiling INSSolveInit.c...
..\Sources\Algorithm\INSSolveInit.c(20): warning:  #1035-D: single-precision operand implicitly converted to double-precision
    INS_Sensor_Par[Gyro].data[GyroX] = Sensor_Original_Info.AD_DATA[
X_ADC_CH] / 57.3;
..\Sources\Algorithm\INSSolveInit.c(21): warning:  #1035-D: single-precision operand implicitly converted to double-precision
    INS_Sensor_Par[Gyro].data[GyroY] = Sensor_Original_Info.AD_DATA[
Y_ADC_CH] / 57.3;
..\Sources\Algorithm\INSSolveInit.c(22): warning:  #1035-D: single-precision operand implicitly converted to double-precision
    INS_Sensor_Par[Gyro].data[GyroZ] = Sensor_Original_Info.AD_DATA[
Z_ADC_CH] / 57.3;
..\Sources\Algorithm\INSSolveInit.c: 3 warnings, 0 errors
compiling PDRSolve.c...
..\Sources\Algorithm\PDRSolve.c(7): warning:  #177-D: variable "Tk" was declared but never referenced
  static float32_t Tk=0;
..\Sources\Algorithm\PDRSolve.c(8): warning:  #177-D: variable "StepFlag" was declared but never referenced
  static float32_t StepFlag = false;
..\Sources\Algorithm\PDRSolve.c: 2 warnings, 0 errors
compiling MatrixInit.c...
compiling KFFilterInit.c...
compiling Delay.c...
compiling PDRSolveInit.c...
compiling INSSolve.c...
..\Sources\Algorithm\INSSolve.c(85): warning:  #550-D: variable "timep" was set but never used
    float32_t timep=0;
..\Sources\Algorithm\INSSolve.c(160): warning:  #550-D: variable "g1" was set but never used
    float32_t g1 = 0,temp1=0,temp2=0;
..\Sources\Algorithm\INSSolve.c(160): warning:  #177-D: variable "temp1" was declared but never referenced
    float32_t g1 = 0,temp1=0,temp2=0;
..\Sources\Algorithm\INSSolve.c(160): warning:  #177-D: variable "temp2" was declared but never referenced
    float32_t g1 = 0,temp1=0,temp2=0;
..\Sources\Algorithm\INSSolve.c(278): warning:  #177-D: variable "dth" was declared but never referenced
    float32_t v=0,cos_v=0,sin_v=0,dth=0;
..\Sources\Algorithm\INSSolve.c: 5 warnings, 0 errors
compiling SensorDataFilter.c...
compiling SensorRead.c...
compiling SensorReadInit.c...
compiling system_stm32f7xx.c...
compiling stm32f7xx_hal_flash.c...
compiling GlobalDefineInit.c...
compiling stm32f7xx_hal_flash_ex.c...
compiling stm32f7xx_hal_uart.c...
compiling stm32f7xx_hal_rcc.c...
compiling stm32f7xx_hal_cortex.c...
compiling stm32f7xx_hal_dma_ex.c...
compiling stm32f7xx_hal_i2c.c...
compiling stm32f7xx_hal_pwr.c...
compiling stm32f7xx_hal.c...
compiling stm32f7xx_hal_tim.c...
compiling stm32f7xx_hal_gpio.c...
compiling stm32f7xx_hal_dma.c...
compiling stm32f7xx_hal_rcc_ex.c...
compiling stm32f7xx_hal_pwr_ex.c...
assembling startup_stm32f767xx.s...
compiling stm32f7xx_hal_tim_ex.c...
compiling stm32f7xx_hal_i2c_ex.c...
linking...
Program Size: Code=24316 RO-data=1132 RW-data=95388 ZI-data=15860  
FromELF: creating hex file...
"MIMU_Core_7X\MIMU_Core_7X.axf" - 0 Error(s), 17 Warning(s).

<h2>Software Packages used:</h2>

Package Vendor: ARM
                http://www.keil.com/pack/ARM.CMSIS.4.5.0.pack
                ARM::CMSIS:CORE:4.3.0
                CMSIS (Cortex Microcontroller Software Interface Standard)
   * Component: CORE Version: 4.3.0

<h2>Collection of Component include folders:</h2>
  E:\Algorithm_17111701\Speed_Constraint\C\CQYD_VC_17111701\MDK-ARM\RTE
  D:\Program Files\KEIL for ARM\ARM\PACK\ARM\CMSIS\4.5.0\CMSIS\Include

<h2>Collection of Component Files used:</h2>

   * Component: ARM::CMSIS:CORE:4.3.0
Build Time Elapsed:  00:03:03
</pre>
</body>
</html>
