Component: ARM Compiler 5.06 update 1 (build 61) Tool: armlink [4d35a8]

==============================================================================

Section Cross References

    stm32f7xx_hal_msp.o(i.HAL_MspInit) refers to stm32f7xx_hal_cortex.o(i.HAL_NVIC_SetPriorityGrouping) for HAL_NVIC_SetPriorityGrouping
    stm32f7xx_hal_msp.o(i.HAL_MspInit) refers to stm32f7xx_hal_cortex.o(i.HAL_NVIC_SetPriority) for HAL_NVIC_SetPriority
    tim.o(i.HAL_TIM_Base_MspDeInit) refers to stm32f7xx_hal_cortex.o(i.HAL_NVIC_DisableIRQ) for HAL_NVIC_DisableIRQ
    tim.o(i.MX_TIM1_Init) refers to stm32f7xx_hal_tim.o(i.HAL_TIM_Base_Init) for HAL_TIM_Base_Init
    tim.o(i.MX_TIM1_Init) refers to main.o(i._Error_Handler) for _Error_Handler
    tim.o(i.MX_TIM1_Init) refers to stm32f7xx_hal_tim.o(i.HAL_TIM_ConfigClockSource) for HAL_TIM_ConfigClockSource
    tim.o(i.MX_TIM1_Init) refers to stm32f7xx_hal_tim_ex.o(i.HAL_TIMEx_MasterConfigSynchronization) for HAL_TIMEx_MasterConfigSynchronization
    tim.o(i.MX_TIM1_Init) refers to tim.o(.bss) for .bss
    tim.o(i.MX_TIM5_Init) refers to stm32f7xx_hal_tim.o(i.HAL_TIM_Base_Init) for HAL_TIM_Base_Init
    tim.o(i.MX_TIM5_Init) refers to main.o(i._Error_Handler) for _Error_Handler
    tim.o(i.MX_TIM5_Init) refers to stm32f7xx_hal_tim.o(i.HAL_TIM_ConfigClockSource) for HAL_TIM_ConfigClockSource
    tim.o(i.MX_TIM5_Init) refers to stm32f7xx_hal_tim_ex.o(i.HAL_TIMEx_MasterConfigSynchronization) for HAL_TIMEx_MasterConfigSynchronization
    tim.o(i.MX_TIM5_Init) refers to tim.o(.bss) for .bss
    tim.o(i.MX_TIM6_Init) refers to stm32f7xx_hal_tim.o(i.HAL_TIM_Base_Init) for HAL_TIM_Base_Init
    tim.o(i.MX_TIM6_Init) refers to main.o(i._Error_Handler) for _Error_Handler
    tim.o(i.MX_TIM6_Init) refers to stm32f7xx_hal_tim_ex.o(i.HAL_TIMEx_MasterConfigSynchronization) for HAL_TIMEx_MasterConfigSynchronization
    tim.o(i.MX_TIM6_Init) refers to tim.o(.bss) for .bss
    usart.o(i.HAL_UART_MspDeInit) refers to stm32f7xx_hal_gpio.o(i.HAL_GPIO_DeInit) for HAL_GPIO_DeInit
    usart.o(i.HAL_UART_MspDeInit) refers to stm32f7xx_hal_dma.o(i.HAL_DMA_DeInit) for HAL_DMA_DeInit
    usart.o(i.HAL_UART_MspDeInit) refers to stm32f7xx_hal_cortex.o(i.HAL_NVIC_DisableIRQ) for HAL_NVIC_DisableIRQ
    usart.o(i.HAL_UART_MspInit) refers to stm32f7xx_hal_gpio.o(i.HAL_GPIO_Init) for HAL_GPIO_Init
    usart.o(i.HAL_UART_MspInit) refers to stm32f7xx_hal_dma.o(i.HAL_DMA_Init) for HAL_DMA_Init
    usart.o(i.HAL_UART_MspInit) refers to main.o(i._Error_Handler) for _Error_Handler
    usart.o(i.HAL_UART_MspInit) refers to usart.o(.bss) for .bss
    usart.o(i.MX_USART1_UART_Init) refers to stm32f7xx_hal_uart.o(i.HAL_UART_Init) for HAL_UART_Init
    usart.o(i.MX_USART1_UART_Init) refers to main.o(i._Error_Handler) for _Error_Handler
    usart.o(i.MX_USART1_UART_Init) refers to usart.o(.bss) for .bss
    usart.o(i.MX_USART1_UART_Init) refers to configinit.o(.data) for USART1_BaudRate
    usart.o(i.MX_USART2_UART_Init) refers to stm32f7xx_hal_uart.o(i.HAL_UART_Init) for HAL_UART_Init
    usart.o(i.MX_USART2_UART_Init) refers to main.o(i._Error_Handler) for _Error_Handler
    usart.o(i.MX_USART2_UART_Init) refers to usart.o(.bss) for .bss
    usart.o(i.MX_USART3_UART_Init) refers to stm32f7xx_hal_uart.o(i.HAL_UART_Init) for HAL_UART_Init
    usart.o(i.MX_USART3_UART_Init) refers to main.o(i._Error_Handler) for _Error_Handler
    usart.o(i.MX_USART3_UART_Init) refers to usart.o(.bss) for .bss
    usart.o(i.MX_USART3_UART_Init) refers to configinit.o(.data) for USART3_BaudRate
    main.o(i.MX_NVIC_Init) refers to stm32f7xx_hal_cortex.o(i.HAL_NVIC_SetPriority) for HAL_NVIC_SetPriority
    main.o(i.MX_NVIC_Init) refers to stm32f7xx_hal_cortex.o(i.HAL_NVIC_EnableIRQ) for HAL_NVIC_EnableIRQ
    main.o(i.SystemClock_Config) refers to stm32f7xx_hal_rcc.o(i.HAL_RCC_OscConfig) for HAL_RCC_OscConfig
    main.o(i.SystemClock_Config) refers to stm32f7xx_hal_pwr_ex.o(i.HAL_PWREx_EnableOverDrive) for HAL_PWREx_EnableOverDrive
    main.o(i.SystemClock_Config) refers to stm32f7xx_hal_rcc.o(i.HAL_RCC_ClockConfig) for HAL_RCC_ClockConfig
    main.o(i.SystemClock_Config) refers to stm32f7xx_hal_rcc_ex.o(i.HAL_RCCEx_PeriphCLKConfig) for HAL_RCCEx_PeriphCLKConfig
    main.o(i.SystemClock_Config) refers to stm32f7xx_hal_rcc.o(i.HAL_RCC_GetHCLKFreq) for HAL_RCC_GetHCLKFreq
    main.o(i.SystemClock_Config) refers to stm32f7xx_hal_cortex.o(i.HAL_SYSTICK_Config) for HAL_SYSTICK_Config
    main.o(i.SystemClock_Config) refers to stm32f7xx_hal_cortex.o(i.HAL_SYSTICK_CLKSourceConfig) for HAL_SYSTICK_CLKSourceConfig
    main.o(i.SystemClock_Config) refers to stm32f7xx_hal_cortex.o(i.HAL_NVIC_SetPriority) for HAL_NVIC_SetPriority
    main.o(i.main) refers to stm32f7xx_hal.o(i.HAL_Init) for HAL_Init
    main.o(i.main) refers to main.o(i.SystemClock_Config) for SystemClock_Config
    main.o(i.main) refers to globaldefineinit.o(i.GlobalDefine_Init) for GlobalDefine_Init
    main.o(i.main) refers to configinit.o(i.Config_Init) for Config_Init
[...]
    i.HAL_TIM_IC_CaptureCallback             0x08001af4   Section        0  stm32f7xx_hal_tim.o(i.HAL_TIM_IC_CaptureCallback)
    i.HAL_TIM_IRQHandler                     0x08001af6   Section        0  stm32f7xx_hal_tim.o(i.HAL_TIM_IRQHandler)
    i.HAL_TIM_OC_DelayElapsedCallback        0x08001c74   Section        0  stm32f7xx_hal_tim.o(i.HAL_TIM_OC_DelayElapsedCallback)
    i.HAL_TIM_PWM_PulseFinishedCallback      0x08001c76   Section        0  stm32f7xx_hal_tim.o(i.HAL_TIM_PWM_PulseFinishedCallback)
    i.HAL_TIM_PeriodElapsedCallback          0x08001c78   Section        0  interruptinit.o(i.HAL_TIM_PeriodElapsedCallback)
    i.HAL_TIM_TriggerCallback                0x08001ca0   Section        0  stm32f7xx_hal_tim.o(i.HAL_TIM_TriggerCallback)
    i.HAL_UART_DMAStop                       0x08001ca2   Section        0  stm32f7xx_hal_uart.o(i.HAL_UART_DMAStop)
    i.HAL_UART_ErrorCallback                 0x08001cf6   Section        0  stm32f7xx_hal_uart.o(i.HAL_UART_ErrorCallback)
    i.HAL_UART_IRQHandler                    0x08001cf8   Section        0  stm32f7xx_hal_uart.o(i.HAL_UART_IRQHandler)
    i.HAL_UART_Init                          0x08001e70   Section        0  stm32f7xx_hal_uart.o(i.HAL_UART_Init)
    i.HAL_UART_MspInit                       0x08001edc   Section        0  usart.o(i.HAL_UART_MspInit)
    i.HAL_UART_Receive_DMA                   0x0800205c   Section        0  stm32f7xx_hal_uart.o(i.HAL_UART_Receive_DMA)
    i.HAL_UART_Receive_IT                    0x080020f0   Section        0  stm32f7xx_hal_uart.o(i.HAL_UART_Receive_IT)
    i.HAL_UART_RxCpltCallback                0x08002180   Section        0  interruptinit.o(i.HAL_UART_RxCpltCallback)
    i.HAL_UART_RxHalfCpltCallback            0x080021b8   Section        0  stm32f7xx_hal_uart.o(i.HAL_UART_RxHalfCpltCallback)
    i.HAL_UART_TxCpltCallback                0x080021bc   Section        0  interruptinit.o(i.HAL_UART_TxCpltCallback)
    i.HardFault_Handler                      0x08002208   Section        0  stm32f7xx_it.o(i.HardFault_Handler)
    i.IDLE_Usart1_Rx_Task                    0x0800220c   Section        0  interrupt.o(i.IDLE_Usart1_Rx_Task)
    i.IDLE_Usart3_Rx_Task                    0x08002258   Section        0  interrupt.o(i.IDLE_Usart3_Rx_Task)
    i.INSSolve_Init                          0x080022ac   Section        0  inssolveinit.o(i.INSSolve_Init)
    i.INS_Align_Acc                          0x080022bc   Section        0  inssolve.o(i.INS_Align_Acc)
    i.INS_Align_AccMag                       0x08002328   Section        0  inssolve.o(i.INS_Align_AccMag)
    i.INS_Alignment                          0x08002338   Section        0  inssolve.o(i.INS_Alignment)
    i.INS_Att_Resolve                        0x08002344   Section        0  inssolve.o(i.INS_Att_Resolve)
    i.INS_Att_Update                         0x08002434   Section        0  inssolve.o(i.INS_Att_Update)
    i.INS_Cal                                0x080025f4   Section        0  inssolveinit.o(i.INS_Cal)
    i.INS_Cal_Time                           0x08002648   Section        0  inssolve.o(i.INS_Cal_Time)
    i.INS_InitAlignment                      0x080026b4   Section        0  inssolve.o(i.INS_InitAlignment)
    i.INS_Load_Data                          0x0800272c   Section        0  inssolveinit.o(i.INS_Load_Data)
    i.INS_Pos_Resolve                        0x080027b0   Section        0  inssolve.o(i.INS_Pos_Resolve)
    i.INS_Storage_Sensor                     0x080027f0   Section        0  inssolve.o(i.INS_Storage_Sensor)
    i.INS_Vel_Resolve                        0x08002938   Section        0  inssolve.o(i.INS_Vel_Resolve)
    i.ISR_Tim1_Task                          0x080029cc   Section        0  interrupt.o(i.ISR_Tim1_Task)
    i.ISR_Tim6_Task                          0x08002a4c   Section        0  interrupt.o(i.ISR_Tim6_Task)
    i.ISR_Usart1_Rx_Task                     0x08002a88   Section        0  interrupt.o(i.ISR_Usart1_Rx_Task)
    i.ISR_Usart1_Tx_Task                     0x08002a8a   Section        0  interrupt.o(i.ISR_Usart1_Tx_Task)
    i.ISR_Usart3_Rx_Task                     0x08002a8c   Section        0  interrupt.o(i.ISR_Usart3_Rx_Task)
    i.ISR_Usart3_Tx_Task                     0x08002a98   Section        0  interrupt.o(i.ISR_Usart3_Tx_Task)
    i.KFFilter_Cal_State                     0x08002a9c   Section        0  kffilterinit.o(i.KFFilter_Cal_State)
    i.KFFilter_Init                          0x08002da0   Section        0  kffilterinit.o(i.KFFilter_Init)
    i.KFFilter_Measure_Update                0x08002fc4   Section        0  kffilter.o(i.KFFilter_Measure_Update)
    i.KFFilter_State_Update                  0x080030cc   Section        0  kffilterinit.o(i.KFFilter_State_Update)
    i.KFFilter_Time_Updata                   0x0800324c   Section        0  kffilter.o(i.KFFilter_Time_Updata)
    i.MPU9255_Check                          0x08003324   Section        0  sensorread.o(i.MPU9255_Check)
    i.MPU9255_Config                         0x08003370   Section        0  sensorread.o(i.MPU9255_Config)
    i.MPU9255_Config_Check                   0x08003380   Section        0  sensorread.o(i.MPU9255_Config_Check)
    i.MPU9255_Init                           0x080033b4   Section        0  sensorread.o(i.MPU9255_Init)
    i.MPU9255_Mag_ReadReg                    0x08003464   Section        0  sensorread.o(i.MPU9255_Mag_ReadReg)
    i.MPU9255_Mag_WriteReg                   0x08003492   Section        0  sensorread.o(i.MPU9255_Mag_WriteReg)
    i.MPU9255_ReadReg                        0x080034e0   Section        0  sensorread.o(i.MPU9255_ReadReg)
    i.MPU9255_ReadRegs                       0x08003514   Section        0  sensorread.o(i.MPU9255_ReadRegs)
    i.MPU9255_WriteReg                       0x08003574   Section        0  sensorread.o(i.MPU9255_WriteReg)
    i.MX_DMA_Init                            0x080035ac   Section        0  dma.o(i.MX_DMA_Init)
    i.MX_GPIO_Init                           0x080035d8   Section        0  gpio.o(i.MX_GPIO_Init)
    i.MX_NVIC_Init                           0x080036ec   Section        0  main.o(i.MX_NVIC_Init)
    MX_NVIC_Init                             0x080036ed   Thumb Code   118  main.o(i.MX_NVIC_Init)
    i.MX_TIM1_Init                           0x08003764   Section        0  tim.o(i.MX_TIM1_Init)
    i.MX_TIM5_Init                           0x080037dc   Section        0  tim.o(i.MX_TIM5_Init)
    i.MX_TIM6_Init                           0x08003854   Section        0  tim.o(i.MX_TIM6_Init)
    i.MX_USART1_UART_Init                    0x080038ac   Section        0  usart.o(i.MX_USART1_UART_Init)
    i.MX_USART2_UART_Init                    0x08003904   Section        0  usart.o(i.MX_USART2_UART_Init)
    i.MX_USART3_UART_Init                    0x08003958   Section        0  usart.o(i.MX_USART3_UART_Init)
    i.Matrix_Add                             0x080039b0   Section        0  matrix.o(i.Matrix_Add)
    i.Matrix_Diag                            0x080039fe   Section        0  matrix.o(i.Matrix_Diag)
    i.Matrix_EG                              0x08003a3c   Section        0  matrix.o(i.Matrix_EG)
    i.Matrix_Init                            0x08003a90   Section        0  matrixinit.o(i.Matrix_Init)
    i.Matrix_Inver                           0x08003a92   Section        0  matrix.o(i.Matrix_Inver)
    i.Matrix_Mul                             0x08003acc   Section        0  matrix.o(i.Matrix_Mul)
    i.Matrix_Mul_Digit                       0x08003b5c   Section        0  matrix.o(i.Matrix_Mul_Digit)
    i.Matrix_Norm                            0x08003b9c   Section        0  matrix.o(i.Matrix_Norm)
    i.Matrix_Norm2                           0x08003c14   Section        0  matrix.o(i.Matrix_Norm2)
    i.Matrix_Opp                             0x08003c68   Section        0  matrix.o(i.Matrix_Opp)
    i.Matrix_Sub                             0x08003e70   Section        0  matrix.o(i.Matrix_Sub)
    i.Matrix_UD                              0x08003ec0   Section        0  matrix.o(i.Matrix_UD)
    i.MemManage_Handler                      0x080040a4   Section        0  stm32f7xx_it.o(i.MemManage_Handler)
    i.NMI_Handler                            0x080040a6   Section        0  stm32f7xx_it.o(i.NMI_Handler)
    i.NVIC_SetPriority                       0x080040a8   Section        0  stm32f7xx_hal_cortex.o(i.NVIC_SetPriority)
    NVIC_SetPriority                         0x080040a9   Thumb Code    34  stm32f7xx_hal_cortex.o(i.NVIC_SetPriority)
    i.PDRSolve_Init                          0x080040ca   Section        0  pdrsolveinit.o(i.PDRSolve_Init)
    i.PDR_Cal                                0x080040cc   Section        0  pdrsolveinit.o(i.PDR_Cal)
    i.PDR_Detector                           0x08004118   Section        0  pdrsolve.o(i.PDR_Detector)
    i.PendSV_Handler                         0x0800411a   Section        0  stm32f7xx_it.o(i.PendSV_Handler)
    i.SPI_RW                                 0x0800411c   Section        0  sensorread.o(i.SPI_RW)
    i.SVC_Handler                            0x080041e0   Section        0  stm32f7xx_it.o(i.SVC_Handler)
    i.Sensor_Check                           0x080041e4   Section        0  sensorread.o(i.Sensor_Check)
    i.Sensor_Init                            0x080041f4   Section        0  sensorread.o(i.Sensor_Init)
    i.Sensor_Read                            0x08004214   Section        0  sensorread.o(i.Sensor_Read)
    i.Sensor_Read_Init                       0x0800433c   Section        0  sensorreadinit.o(i.Sensor_Read_Init)
    i.Sensor_Updata                          0x08004348   Section        0  sensorread.o(i.Sensor_Updata)
    i.SysTick_Handler                        0x0800434c   Section        0  stm32f7xx_it.o(i.SysTick_Handler)
    i.SystemClock_Config                     0x0800435c   Section        0  main.o(i.SystemClock_Config)
    i.SystemInit                             0x0800441c   Section        0  system_stm32f7xx.o(i.SystemInit)
    i.System_Init                            0x08004470   Section        0  config.o(i.System_Init)
    i.TIM1_UP_TIM10_IRQHandler               0x080044dc   Section        0  stm32f7xx_it.o(i.TIM1_UP_TIM10_IRQHandler)
    i.TIM6_DAC_IRQHandler                    0x080044e8   Section        0  stm32f7xx_it.o(i.TIM6_DAC_IRQHandler)
    i.TIM_Base_SetConfig                     0x080044f4   Section        0  stm32f7xx_hal_tim.o(i.TIM_Base_SetConfig)
    i.TIM_ETR_SetConfig                      0x080045c0   Section        0  stm32f7xx_hal_tim.o(i.TIM_ETR_SetConfig)
    i.TIM_ITRx_SetConfig                     0x080045d2   Section        0  stm32f7xx_hal_tim.o(i.TIM_ITRx_SetConfig)
    TIM_ITRx_SetConfig                       0x080045d3   Thumb Code    16  stm32f7xx_hal_tim.o(i.TIM_ITRx_SetConfig)
    i.TIM_TI1_ConfigInputStage               0x080045e2   Section        0  stm32f7xx_hal_tim.o(i.TIM_TI1_ConfigInputStage)
    TIM_TI1_ConfigInputStage                 0x080045e3   Thumb Code    34  stm32f7xx_hal_tim.o(i.TIM_TI1_ConfigInputStage)
    i.TIM_TI2_ConfigInputStage               0x08004604   Section        0  stm32f7xx_hal_tim.o(i.TIM_TI2_ConfigInputStage)
    TIM_TI2_ConfigInputStage                 0x08004605   Thumb Code    36  stm32f7xx_hal_tim.o(i.TIM_TI2_ConfigInputStage)
    i.TaskSequence_Init                      0x08004628   Section        0  tasksequenceinit.o(i.TaskSequence_Init)
    i.Task_Activate                          0x08004758   Section        0  tasksequence.o(i.Task_Activate)
    i.Task_Create                            0x08004774   Section        0  tasksequence.o(i.Task_Create)
    i.Task_Delete                            0x08004788   Section        0  tasksequence.o(i.Task_Delete)
    i.Task_Run_Sequence                      0x080047bc   Section        0  tasksequence.o(i.Task_Run_Sequence)
    i.UART_AdvFeatureConfig                  0x08004840   Section        0  stm32f7xx_hal_uart.o(i.UART_AdvFeatureConfig)
    i.UART_CheckIdleState                    0x08004908   Section        0  stm32f7xx_hal_uart.o(i.UART_CheckIdleState)
    i.UART_DMAAbortOnError                   0x08004948   Section        0  stm32f7xx_hal_uart.o(i.UART_DMAAbortOnError)
    UART_DMAAbortOnError                     0x08004949   Thumb Code    20  stm32f7xx_hal_uart.o(i.UART_DMAAbortOnError)
    i.UART_DMAError                          0x0800495c   Section        0  stm32f7xx_hal_uart.o(i.UART_DMAError)
    UART_DMAError                            0x0800495d   Thumb Code    74  stm32f7xx_hal_uart.o(i.UART_DMAError)
    i.UART_DMAReceiveCplt                    0x080049a6   Section        0  stm32f7xx_hal_uart.o(i.UART_DMAReceiveCplt)
    UART_DMAReceiveCplt                      0x080049a7   Thumb Code    60  stm32f7xx_hal_uart.o(i.UART_DMAReceiveCplt)
    i.UART_DMARxHalfCplt                     0x080049e2   Section        0  stm32f7xx_hal_uart.o(i.UART_DMARxHalfCplt)
    UART_DMARxHalfCplt                       0x080049e3   Thumb Code    10  stm32f7xx_hal_uart.o(i.UART_DMARxHalfCplt)
    i.UART_EndRxTransfer                     0x080049ec   Section        0  stm32f7xx_hal_uart.o(i.UART_EndRxTransfer)
    UART_EndRxTransfer                       0x080049ed   Thumb Code    28  stm32f7xx_hal_uart.o(i.UART_EndRxTransfer)
    i.UART_EndTxTransfer                     0x08004a08   Section        0  stm32f7xx_hal_uart.o(i.UART_EndTxTransfer)
    UART_EndTxTransfer                       0x08004a09   Thumb Code    18  stm32f7xx_hal_uart.o(i.UART_EndTxTransfer)
    i.UART_Receive_IT                        0x08004a1a   Section        0  stm32f7xx_hal_uart.o(i.UART_Receive_IT)
    UART_Receive_IT                          0x08004a1b   Thumb Code   120  stm32f7xx_hal_uart.o(i.UART_Receive_IT)
    i.UART_SetConfig                         0x08004a94   Section        0  stm32f7xx_hal_uart.o(i.UART_SetConfig)
    i.UART_WaitOnFlagUntilTimeout            0x08004cec   Section        0  stm32f7xx_hal_uart.o(i.UART_WaitOnFlagUntilTimeout)
    i.USART1_IRQHandler                      0x08004d50   Section        0  stm32f7xx_it.o(i.USART1_IRQHandler)
    i.USART3_IRQHandler                      0x08004d5c   Section        0  stm32f7xx_it.o(i.USART3_IRQHandler)
    i.UsageFault_Handler                     0x08004d68   Section        0  stm32f7xx_it.o(i.UsageFault_Handler)
    i._Error_Handler                         0x08004d6a   Section        0  main.o(i._Error_Handler)
    i.__ARM_fpclassify                       0x08004d6c   Section        0  fpclassify.o(i.__ARM_fpclassify)
    i.__hardfp_asin                          0x08004da0   Section        0  asin.o(i.__hardfp_asin)
    i.__hardfp_atan                          0x08004fa8   Section        0  atan.o(i.__hardfp_atan)
    i.__hardfp_atan2                         0x080051a8   Section        0  atan2.o(i.__hardfp_atan2)
    i.__hardfp_cos                           0x08005368   Section        0  cos.o(i.__hardfp_cos)
    i.__hardfp_sin                           0x08005418   Section        0  sin.o(i.__hardfp_sin)
    i.__hardfp_sqrt                          0x080054c8   Section        0  sqrt.o(i.__hardfp_sqrt)
    i.__ieee754_rem_pio2                     0x08005530   Section        0  rred.o(i.__ieee754_rem_pio2)
    i.__kernel_cos                           0x08005840   Section        0  cos_i.o(i.__kernel_cos)
    i.__kernel_poly                          0x08005920   Section        0  poly.o(i.__kernel_poly)
    i.__kernel_sin                           0x08005990   Section        0  sin_i.o(i.__kernel_sin)
    i.__mathlib_dbl_infnan                   0x08005a38   Section        0  dunder.o(i.__mathlib_dbl_infnan)
    i.__mathlib_dbl_infnan2                  0x08005a3e   Section        0  dunder.o(i.__mathlib_dbl_infnan2)
    i.__mathlib_dbl_invalid                  0x08005a48   Section        0  dunder.o(i.__mathlib_dbl_invalid)
    i.__mathlib_dbl_underflow                0x08005a60   Section        0  dunder.o(i.__mathlib_dbl_underflow)
    i.__scatterload_copy                     0x08005a78   Section       14  handlers.o(i.__scatterload_copy)
    i.__scatterload_null                     0x08005a86   Section        2  handlers.o(i.__scatterload_null)
    i.__scatterload_zeroinit                 0x08005a88   Section       14  handlers.o(i.__scatterload_zeroinit)
    i.__set_errno                            0x08005a98   Section        0  errno.o(i.__set_errno)
    i.atan                                   0x08005aa4   Section        0  atan.o(i.atan)
    i.delay_init                             0x08005ab4   Section        0  delay.o(i.delay_init)
    i.delay_ms                               0x08005ae0   Section        0  delay.o(i.delay_ms)
    i.delay_us                               0x08005b0c   Section        0  delay.o(i.delay_us)
    i.euler2rotation                         0x08005b38   Section        0  inssolve.o(i.euler2rotation)
    i.fabs                                   0x08005c04   Section        0  fabs.o(i.fabs)
    i.main                                   0x08005c1c   Section        0  main.o(i.main)
    i.quat2rotation                          0x08005cd0   Section        0  inssolve.o(i.quat2rotation)
    i.rotation2euler                         0x08005db8   Section        0  inssolve.o(i.rotation2euler)
    i.rotation2quat                          0x08005e74   Section        0  inssolve.o(i.rotation2quat)
    i.sqrt                                   0x08006064   Section        0  sqrt.o(i.sqrt)
    i.sqrt_hf                                0x080060d0   Section        0  inssolve.o(i.sqrt_hf)
    .constdata                               0x080060f4   Section       34  sensorread.o(.constdata)
    .constdata                               0x08006116   Section       16  system_stm32f7xx.o(.constdata)
    .constdata                               0x08006126   Section        8  system_stm32f7xx.o(.constdata)
    .constdata                               0x0800612e   Section        8  stm32f7xx_hal_dma.o(.constdata)
    flagBitshiftOffset                       0x0800612e   Data           8  stm32f7xx_hal_dma.o(.constdata)
    .constdata                               0x08006138   Section       80  asin.o(.constdata)
    pS                                       0x08006138   Data          48  asin.o(.constdata)
    qS                                       0x08006168   Data          32  asin.o(.constdata)
    .constdata                               0x08006188   Section      152  atan.o(.constdata)
    atanhi                                   0x08006188   Data          32  atan.o(.constdata)
    atanlo                                   0x080061a8   Data          32  atan.o(.constdata)
    aTodd                                    0x080061c8   Data          40  atan.o(.constdata)
    aTeven                                   0x080061f0   Data          48  atan.o(.constdata)
    .constdata                               0x08006220   Section       48  cos_i.o(.constdata)
    C                                        0x08006220   Data          48  cos_i.o(.constdata)
    .constdata                               0x08006250   Section        8  qnan.o(.constdata)
    .constdata                               0x08006258   Section      200  rred.o(.constdata)
    pio2s                                    0x08006258   Data          48  rred.o(.constdata)
    twooverpi                                0x08006288   Data         152  rred.o(.constdata)
    .constdata                               0x08006320   Section       40  sin_i.o(.constdata)
    S                                        0x08006320   Data          40  sin_i.o(.constdata)
    .data                                    0x20000000   Section        8  configinit.o(.data)
    .data                                    0x20000008   Section       64  tasksequence.o(.data)
    .data                                    0x20000048   Section     1860  kffilterinit.o(.data)
    Id                                       0x20000048   Data          36  kffilterinit.o(.data)
    .data                                    0x2000078c   Section       20  kffilterinit.o(.data)
    .data                                    0x200007a0   Section       32  pdrsolve.o(.data)
    .data                                    0x200007c0   Section       12  pdrsolve.o(.data)
    .data                                    0x200007cc   Section      460  inssolve.o(.data)
    dt                                       0x200007cc   Data           4  inssolve.o(.data)
    lastUpdata                               0x200007d0   Data           4  inssolve.o(.data)
    Att_Resolve_Par                          0x20000890   Data         264  inssolve.o(.data)
    .data                                    0x20000998   Section        4  delay.o(.data)
    fac_us                                   0x20000998   Data           1  delay.o(.data)
    fac_ms                                   0x2000099a   Data           2  delay.o(.data)
    .data                                    0x2000099c   Section       56  sensorread.o(.data)
    .data                                    0x200009d4   Section    90480  sensorreadinit.o(.data)
    .data                                    0x20016b44   Section     2332  globaldefineinit.o(.data)
    .data                                    0x20017460   Section        4  system_stm32f7xx.o(.data)
    .data                                    0x20017464   Section        4  stm32f7xx_hal.o(.data)
    .data                                    0x20017468   Section       48  matrix.o(.data)
    .data                                    0x20017498   Section        4  errno.o(.data)
    _errno                                   0x20017498   Data           4  errno.o(.data)
    .bss                                     0x2001749c   Section      192  tim.o(.bss)
    .bss                                     0x2001755c   Section      624  usart.o(.bss)
    .bss                                     0x200177cc   Section     2304  configinit.o(.bss)
    .bss                                     0x200180cc   Section      264  tasksequenceinit.o(.bss)
    .bss                                     0x200181d4   Section     2052  kffilter.o(.bss)
    .bss                                     0x200189d8   Section      984  kffilterinit.o(.bss)
    .bss                                     0x20018db0   Section     3672  inssolve.o(.bss)
    .bss                                     0x20019c08   Section      616  sensorread.o(.bss)
    .bss                                     0x20019e70   Section       32  globaldefineinit.o(.bss)
    .bss                                     0x20019e90   Section     4096  matrix.o(.bss)
    STACK                                    0x2001ae90   Section     1024  startup_stm32f767xx.o(STACK)

    Global Symbols

    Symbol Name                              Value     Ov Type        Size  Object(Section)

    BuildAttributes$$THM_ISAv4$E$P$D$K$B$S$7EM$VFPv5_D16$PE$PLD8$A:L22UL41UL21$X:L11$S22US41US21$IEEE1$IW$USESV6$~STKCKD$USESV7$~SHL$OTIME$ROPI$IEEEX$EBA8$MICROLIB$REQ8$PRES8$EABIv2 0x00000000   Number         0  anon$$obj.o ABSOLUTE
    __ARM_use_no_argv                        0x00000000   Number         0  main.o ABSOLUTE
    __cpp_initialize__aeabi_                  - Undefined Weak Reference
    __cxa_finalize                            - Undefined Weak Reference
    _clock_init                               - Undefined Weak Reference
    _microlib_exit                            - Undefined Weak Reference
    __Vectors_Size                           0x000001f8   Number         0  startup_stm32f767xx.o ABSOLUTE
    __Vectors                                0x08000000   Data           4  startup_stm32f767xx.o(RESET)
    __Vectors_End                            0x080001f8   Data           0  startup_stm32f767xx.o(RESET)
    __main                                   0x080001f9   Thumb Code     0  entry.o(.ARM.Collect$$$$00000000)
    _main_stk                                0x080001f9   Thumb Code     0  entry2.o(.ARM.Collect$$$$00000001)
    _main_scatterload                        0x080001fd   Thumb Code     0  entry5.o(.ARM.Collect$$$$00000004)
    __main_after_scatterload                 0x08000201   Thumb Code     0  entry5.o(.ARM.Collect$$$$00000004)
    _main_clock                              0x08000201   Thumb Code     0  entry7b.o(.ARM.Collect$$$$00000008)
    _main_cpp_init                           0x08000201   Thumb Code     0  entry8b.o(.ARM.Collect$$$$0000000A)
    _main_init                               0x08000201   Thumb Code     0  entry9a.o(.ARM.Collect$$$$0000000B)
    __rt_final_cpp                           0x08000209   Thumb Code     0  entry10a.o(.ARM.Collect$$$$0000000D)
    __rt_final_exit                          0x08000209   Thumb Code     0  entry11a.o(.ARM.Collect$$$$0000000F)
    Reset_Handler                            0x0800020d   Thumb Code     8  startup_stm32f767xx.o(.text)
    ADC_IRQHandler                           0x08000227   Thumb Code     0  startup_stm32f767xx.o(.text)
    CAN1_RX0_IRQHandler                      0x08000227   Thumb Code     0  startup_stm32f767xx.o(.text)
    CAN1_RX1_IRQHandler                      0x08000227   Thumb Code     0  startup_stm32f767xx.o(.text)
    CAN1_SCE_IRQHandler                      0x08000227   Thumb Code     0  startup_stm32f767xx.o(.text)
    CAN1_TX_IRQHandler                       0x08000227   Thumb Code     0  startup_stm32f767xx.o(.text)
    CAN2_RX0_IRQHandler                      0x08000227   Thumb Code     0  startup_stm32f767xx.o(.text)
    CAN2_RX1_IRQHandler                      0x08000227   Thumb Code     0  startup_stm32f767xx.o(.text)
    CAN2_SCE_IRQHandler                      0x08000227   Thumb Code     0  startup_stm32f767xx.o(.text)
    CAN2_TX_IRQHandler                       0x08000227   Thumb Code     0  startup_stm32f767xx.o(.text)
    CAN3_RX0_IRQHandler                      0x08000227   Thumb Code     0  startup_stm32f767xx.o(.text)
    CAN3_RX1_IRQHandler                      0x08000227   Thumb Code     0  startup_stm32f767xx.o(.text)
    CAN3_SCE_IRQHandler                      0x08000227   Thumb Code     0  startup_stm32f767xx.o(.text)
    CAN3_TX_IRQHandler                       0x08000227   Thumb Code     0  startup_stm32f767xx.o(.text)
    CEC_IRQHandler                           0x08000227   Thumb Code     0  startup_stm32f767xx.o(.text)
    DCMI_IRQHandler                          0x08000227   Thumb Code     0  startup_stm32f767xx.o(.text)
    DFSDM1_FLT0_IRQHandler                   0x08000227   Thumb Code     0  startup_stm32f767xx.o(.text)
    DFSDM1_FLT1_IRQHandler                   0x08000227   Thumb Code     0  startup_stm32f767xx.o(.text)
    DFSDM1_FLT2_IRQHandler                   0x08000227   Thumb Code     0  startup_stm32f767xx.o(.text)
    DFSDM1_FLT3_IRQHandler                   0x08000227   Thumb Code     0  startup_stm32f767xx.o(.text)
    DMA1_Stream0_IRQHandler                  0x08000227   Thumb Code     0  startup_stm32f767xx.o(.text)
    DMA1_Stream2_IRQHandler                  0x08000227   Thumb Code     0  startup_stm32f767xx.o(.text)
    DMA1_Stream4_IRQHandler                  0x08000227   Thumb Code     0  startup_stm32f767xx.o(.text)
    DMA1_Stream5_IRQHandler                  0x08000227   Thumb Code     0  startup_stm32f767xx.o(.text)
    DMA1_Stream6_IRQHandler                  0x08000227   Thumb Code     0  startup_stm32f767xx.o(.text)
    DMA1_Stream7_IRQHandler                  0x08000227   Thumb Code     0  startup_stm32f767xx.o(.text)
    DMA2D_IRQHandler                         0x08000227   Thumb Code     0  startup_stm32f767xx.o(.text)
    DMA2_Stream0_IRQHandler                  0x08000227   Thumb Code     0  startup_stm32f767xx.o(.text)
    DMA2_Stream1_IRQHandler                  0x08000227   Thumb Code     0  startup_stm32f767xx.o(.text)
    DMA2_Stream2_IRQHandler                  0x08000227   Thumb Code     0  startup_stm32f767xx.o(.text)
    DMA2_Stream3_IRQHandler                  0x08000227   Thumb Code     0  startup_stm32f767xx.o(.text)
    DMA2_Stream4_IRQHandler                  0x08000227   Thumb Code     0  startup_stm32f767xx.o(.text)
    DMA2_Stream5_IRQHandler                  0x08000227   Thumb Code     0  startup_stm32f767xx.o(.text)
    DMA2_Stream6_IRQHandler                  0x08000227   Thumb Code     0  startup_stm32f767xx.o(.text)
    ETH_IRQHandler                           0x08000227   Thumb Code     0  startup_stm32f767xx.o(.text)
    ETH_WKUP_IRQHandler                      0x08000227   Thumb Code     0  startup_stm32f767xx.o(.text)
    EXTI0_IRQHandler                         0x08000227   Thumb Code     0  startup_stm32f767xx.o(.text)
    EXTI15_10_IRQHandler                     0x08000227   Thumb Code     0  startup_stm32f767xx.o(.text)
    EXTI1_IRQHandler                         0x08000227   Thumb Code     0  startup_stm32f767xx.o(.text)
    EXTI2_IRQHandler                         0x08000227   Thumb Code     0  startup_stm32f767xx.o(.text)
    EXTI3_IRQHandler                         0x08000227   Thumb Code     0  startup_stm32f767xx.o(.text)
    EXTI4_IRQHandler                         0x08000227   Thumb Code     0  startup_stm32f767xx.o(.text)
    EXTI9_5_IRQHandler                       0x08000227   Thumb Code     0  startup_stm32f767xx.o(.text)
    FLASH_IRQHandler                         0x08000227   Thumb Code     0  startup_stm32f767xx.o(.text)
    FMC_IRQHandler                           0x08000227   Thumb Code     0  startup_stm32f767xx.o(.text)
    FPU_IRQHandler                           0x08000227   Thumb Code     0  startup_stm32f767xx.o(.text)
    I2C1_ER_IRQHandler                       0x08000227   Thumb Code     0  startup_stm32f767xx.o(.text)
    I2C1_EV_IRQHandler                       0x08000227   Thumb Code     0  startup_stm32f767xx.o(.text)
    I2C2_ER_IRQHandler                       0x08000227   Thumb Code     0  startup_stm32f767xx.o(.text)
    I2C2_EV_IRQHandler                       0x08000227   Thumb Code     0  startup_stm32f767xx.o(.text)
    I2C3_ER_IRQHandler                       0x08000227   Thumb Code     0  startup_stm32f767xx.o(.text)
    I2C3_EV_IRQHandler                       0x08000227   Thumb Code     0  startup_stm32f767xx.o(.text)
    I2C4_ER_IRQHandler                       0x08000227   Thumb Code     0  startup_stm32f767xx.o(.text)
    I2C4_EV_IRQHandler                       0x08000227   Thumb Code     0  startup_stm32f767xx.o(.text)
    JPEG_IRQHandler                          0x08000227   Thumb Code     0  startup_stm32f767xx.o(.text)
    LPTIM1_IRQHandler                        0x08000227   Thumb Code     0  startup_stm32f767xx.o(.text)
    LTDC_ER_IRQHandler                       0x08000227   Thumb Code     0  startup_stm32f767xx.o(.text)
    LTDC_IRQHandler                          0x08000227   Thumb Code     0  startup_stm32f767xx.o(.text)
    MDIOS_IRQHandler                         0x08000227   Thumb Code     0  startup_stm32f767xx.o(.text)
    OTG_FS_IRQHandler                        0x08000227   Thumb Code     0  startup_stm32f767xx.o(.text)
    OTG_FS_WKUP_IRQHandler                   0x08000227   Thumb Code     0  startup_stm32f767xx.o(.text)
    OTG_HS_EP1_IN_IRQHandler                 0x08000227   Thumb Code     0  startup_stm32f767xx.o(.text)
    OTG_HS_EP1_OUT_IRQHandler                0x08000227   Thumb Code     0  startup_stm32f767xx.o(.text)
    OTG_HS_IRQHandler                        0x08000227   Thumb Code     0  startup_stm32f767xx.o(.text)
    OTG_HS_WKUP_IRQHandler                   0x08000227   Thumb Code     0  startup_stm32f767xx.o(.text)
    PVD_IRQHandler                           0x08000227   Thumb Code     0  startup_stm32f767xx.o(.text)
    QUADSPI_IRQHandler                       0x08000227   Thumb Code     0  startup_stm32f767xx.o(.text)
    RCC_IRQHandler                           0x08000227   Thumb Code     0  startup_stm32f767xx.o(.text)
    RNG_IRQHandler                           0x08000227   Thumb Code     0  startup_stm32f767xx.o(.text)
    RTC_Alarm_IRQHandler                     0x08000227   Thumb Code     0  startup_stm32f767xx.o(.text)
    RTC_WKUP_IRQHandler                      0x08000227   Thumb Code     0  startup_stm32f767xx.o(.text)
    SAI1_IRQHandler                          0x08000227   Thumb Code     0  startup_stm32f767xx.o(.text)
    SAI2_IRQHandler                          0x08000227   Thumb Code     0  startup_stm32f767xx.o(.text)
    SDMMC1_IRQHandler                        0x08000227   Thumb Code     0  startup_stm32f767xx.o(.text)
    SDMMC2_IRQHandler                        0x08000227   Thumb Code     0  startup_stm32f767xx.o(.text)
    SPDIF_RX_IRQHandler                      0x08000227   Thumb Code     0  startup_stm32f767xx.o(.text)
    SPI1_IRQHandler                          0x08000227   Thumb Code     0  startup_stm32f767xx.o(.text)
    SPI2_IRQHandler                          0x08000227   Thumb Code     0  startup_stm32f767xx.o(.text)
    SPI3_IRQHandler                          0x08000227   Thumb Code     0  startup_stm32f767xx.o(.text)
    SPI4_IRQHandler                          0x08000227   Thumb Code     0  startup_stm32f767xx.o(.text)
    SPI5_IRQHandler                          0x08000227   Thumb Code     0  startup_stm32f767xx.o(.text)
    SPI6_IRQHandler                          0x08000227   Thumb Code     0  startup_stm32f767xx.o(.text)
    TAMP_STAMP_IRQHandler                    0x08000227   Thumb Code     0  startup_stm32f767xx.o(.text)
    TIM1_BRK_TIM9_IRQHandler                 0x08000227   Thumb Code     0  startup_stm32f767xx.o(.text)
    TIM1_CC_IRQHandler                       0x08000227   Thumb Code     0  startup_stm32f767xx.o(.text)
    TIM1_TRG_COM_TIM11_IRQHandler            0x08000227   Thumb Code     0  startup_stm32f767xx.o(.text)
    TIM2_IRQHandler                          0x08000227   Thumb Code     0  startup_stm32f767xx.o(.text)
    TIM3_IRQHandler                          0x08000227   Thumb Code     0  startup_stm32f767xx.o(.text)
    TIM4_IRQHandler                          0x08000227   Thumb Code     0  startup_stm32f767xx.o(.text)
    TIM5_IRQHandler                          0x08000227   Thumb Code     0  startup_stm32f767xx.o(.text)
    TIM7_IRQHandler                          0x08000227   Thumb Code     0  startup_stm32f767xx.o(.text)
    TIM8_BRK_TIM12_IRQHandler                0x08000227   Thumb Code     0  startup_stm32f767xx.o(.text)
    TIM8_CC_IRQHandler                       0x08000227   Thumb Code     0  startup_stm32f767xx.o(.text)
    TIM8_TRG_COM_TIM14_IRQHandler            0x08000227   Thumb Code     0  startup_stm32f767xx.o(.text)
    TIM8_UP_TIM13_IRQHandler                 0x08000227   Thumb Code     0  startup_stm32f767xx.o(.text)
    UART4_IRQHandler                         0x08000227   Thumb Code     0  startup_stm32f767xx.o(.text)
    UART5_IRQHandler                         0x08000227   Thumb Code     0  startup_stm32f767xx.o(.text)
    UART7_IRQHandler                         0x08000227   Thumb Code     0  startup_stm32f767xx.o(.text)
    UART8_IRQHandler                         0x08000227   Thumb Code     0  startup_stm32f767xx.o(.text)
    USART2_IRQHandler                        0x08000227   Thumb Code     0  startup_stm32f767xx.o(.text)
    USART6_IRQHandler                        0x08000227   Thumb Code     0  startup_stm32f767xx.o(.text)
    WWDG_IRQHandler                          0x08000227   Thumb Code     0  startup_stm32f767xx.o(.text)
    __aeabi_memcpy                           0x08000231   Thumb Code    36  memcpya.o(.text)
    __aeabi_memcpy4                          0x08000231   Thumb Code     0  memcpya.o(.text)
    __aeabi_memcpy8                          0x08000231   Thumb Code     0  memcpya.o(.text)
    __aeabi_memset                           0x08000255   Thumb Code    14  memseta.o(.text)
    __aeabi_memset4                          0x08000255   Thumb Code     0  memseta.o(.text)
    __aeabi_memset8                          0x08000255   Thumb Code     0  memseta.o(.text)
    __aeabi_memclr                           0x08000263   Thumb Code     4  memseta.o(.text)
    __aeabi_memclr4                          0x08000263   Thumb Code     0  memseta.o(.text)
    __aeabi_memclr8                          0x08000263   Thumb Code     0  memseta.o(.text)
    _memset$wrapper                          0x08000267   Thumb Code    18  memseta.o(.text)
    __I$use$fp                               0x08000279   Thumb Code     0  iusefp.o(.text)
    __scatterload                            0x08000279   Thumb Code    28  init.o(.text)
    __scatterload_rt2                        0x08000279   Thumb Code     0  init.o(.text)
    __decompress                             0x0800029d   Thumb Code     0  __dczerorl2.o(.text)
    __decompress1                            0x0800029d   Thumb Code    86  __dczerorl2.o(.text)
    BusFault_Handler                         0x080002f3   Thumb Code     2  stm32f7xx_it.o(i.BusFault_Handler)
    Config_Init                              0x080002f5   Thumb Code   124  configinit.o(i.Config_Init)
    DMA1_Stream1_IRQHandler                  0x0800039d   Thumb Code     6  stm32f7xx_it.o(i.DMA1_Stream1_IRQHandler)
    DMA1_Stream3_IRQHandler                  0x080003a9   Thumb Code     6  stm32f7xx_it.o(i.DMA1_Stream3_IRQHandler)
    DMA2_Stream7_IRQHandler                  0x080003b5   Thumb Code     6  stm32f7xx_it.o(i.DMA2_Stream7_IRQHandler)
    DebugMon_Handler                         0x08000465   Thumb Code     2  stm32f7xx_it.o(i.DebugMon_Handler)
    GlobalDefine_Init                        0x08000467   Thumb Code     2  globaldefineinit.o(i.GlobalDefine_Init)
    HAL_DMA_Abort                            0x08000469   Thumb Code   146  stm32f7xx_hal_dma.o(i.HAL_DMA_Abort)
    HAL_DMA_Abort_IT                         0x080004fb   Thumb Code    36  stm32f7xx_hal_dma.o(i.HAL_DMA_Abort_IT)
    HAL_DMA_IRQHandler                       0x08000521   Thumb Code   414  stm32f7xx_hal_dma.o(i.HAL_DMA_IRQHandler)
    HAL_DMA_Init                             0x080006c9   Thumb Code   222  stm32f7xx_hal_dma.o(i.HAL_DMA_Init)
    HAL_DMA_Start_IT                         0x080007ad   Thumb Code   122  stm32f7xx_hal_dma.o(i.HAL_DMA_Start_IT)
    HAL_GPIO_Init                            0x08000829   Thumb Code   418  stm32f7xx_hal_gpio.o(i.HAL_GPIO_Init)
    HAL_GPIO_WritePin                        0x08000a01   Thumb Code    10  stm32f7xx_hal_gpio.o(i.HAL_GPIO_WritePin)
    HAL_GetTick                              0x08000a0d   Thumb Code     6  stm32f7xx_hal.o(i.HAL_GetTick)
    HAL_IncTick                              0x08000a19   Thumb Code    10  stm32f7xx_hal.o(i.HAL_IncTick)
    HAL_Init                                 0x08000a29   Thumb Code    22  stm32f7xx_hal.o(i.HAL_Init)
    HAL_InitTick                             0x08000a41   Thumb Code    34  stm32f7xx_hal.o(i.HAL_InitTick)
    HAL_MspInit                              0x08000a69   Thumb Code    88  stm32f7xx_hal_msp.o(i.HAL_MspInit)
    HAL_NVIC_EnableIRQ                       0x08000ac1   Thumb Code    22  stm32f7xx_hal_cortex.o(i.HAL_NVIC_EnableIRQ)
    HAL_NVIC_SetPriority                     0x08000ad9   Thumb Code    60  stm32f7xx_hal_cortex.o(i.HAL_NVIC_SetPriority)
    HAL_NVIC_SetPriorityGrouping             0x08000b19   Thumb Code    28  stm32f7xx_hal_cortex.o(i.HAL_NVIC_SetPriorityGrouping)
    HAL_PWREx_EnableOverDrive                0x08000b3d   Thumb Code   100  stm32f7xx_hal_pwr_ex.o(i.HAL_PWREx_EnableOverDrive)
    HAL_RCCEx_PeriphCLKConfig                0x08000ba9   Thumb Code  1816  stm32f7xx_hal_rcc_ex.o(i.HAL_RCCEx_PeriphCLKConfig)
    HAL_RCC_ClockConfig                      0x080012c5   Thumb Code   338  stm32f7xx_hal_rcc.o(i.HAL_RCC_ClockConfig)
    HAL_RCC_GetHCLKFreq                      0x08001429   Thumb Code     6  stm32f7xx_hal_rcc.o(i.HAL_RCC_GetHCLKFreq)
    HAL_RCC_GetPCLK1Freq                     0x08001435   Thumb Code    34  stm32f7xx_hal_rcc.o(i.HAL_RCC_GetPCLK1Freq)
    HAL_RCC_GetPCLK2Freq                     0x08001465   Thumb Code    34  stm32f7xx_hal_rcc.o(i.HAL_RCC_GetPCLK2Freq)
    HAL_RCC_GetSysClockFreq                  0x08001495   Thumb Code   120  stm32f7xx_hal_rcc.o(i.HAL_RCC_GetSysClockFreq)
    HAL_RCC_OscConfig                        0x08001519   Thumb Code   870  stm32f7xx_hal_rcc.o(i.HAL_RCC_OscConfig)
    HAL_SYSTICK_CLKSourceConfig              0x08001889   Thumb Code    24  stm32f7xx_hal_cortex.o(i.HAL_SYSTICK_CLKSourceConfig)
    HAL_SYSTICK_Callback                     0x080018a1   Thumb Code     2  stm32f7xx_hal_cortex.o(i.HAL_SYSTICK_Callback)
    HAL_SYSTICK_Config                       0x080018a3   Thumb Code    38  stm32f7xx_hal_cortex.o(i.HAL_SYSTICK_Config)
    HAL_SYSTICK_IRQHandler                   0x080018c9   Thumb Code     8  stm32f7xx_hal_cortex.o(i.HAL_SYSTICK_IRQHandler)
    HAL_TIMEx_BreakCallback                  0x080018d1   Thumb Code     2  stm32f7xx_hal_tim_ex.o(i.HAL_TIMEx_BreakCallback)
    HAL_TIMEx_CommutationCallback            0x080018d3   Thumb Code     2  stm32f7xx_hal_tim_ex.o(i.HAL_TIMEx_CommutationCallback)
    HAL_TIMEx_MasterConfigSynchronization    0x080018d5   Thumb Code    78  stm32f7xx_hal_tim_ex.o(i.HAL_TIMEx_MasterConfigSynchronization)
    HAL_TIM_Base_Init                        0x0800192d   Thumb Code    54  stm32f7xx_hal_tim.o(i.HAL_TIM_Base_Init)
    HAL_TIM_Base_MspInit                     0x08001965   Thumb Code    78  tim.o(i.HAL_TIM_Base_MspInit)
    HAL_TIM_Base_Start                       0x080019c5   Thumb Code    26  stm32f7xx_hal_tim.o(i.HAL_TIM_Base_Start)
    HAL_TIM_Base_Start_IT                    0x080019df   Thumb Code    24  stm32f7xx_hal_tim.o(i.HAL_TIM_Base_Start_IT)
    HAL_TIM_ConfigClockSource                0x080019f9   Thumb Code   246  stm32f7xx_hal_tim.o(i.HAL_TIM_ConfigClockSource)
    HAL_TIM_IC_CaptureCallback               0x08001af5   Thumb Code     2  stm32f7xx_hal_tim.o(i.HAL_TIM_IC_CaptureCallback)
    HAL_TIM_IRQHandler                       0x08001af7   Thumb Code   382  stm32f7xx_hal_tim.o(i.HAL_TIM_IRQHandler)
    HAL_TIM_OC_DelayElapsedCallback          0x08001c75   Thumb Code     2  stm32f7xx_hal_tim.o(i.HAL_TIM_OC_DelayElapsedCallback)
    HAL_TIM_PWM_PulseFinishedCallback        0x08001c77   Thumb Code     2  stm32f7xx_hal_tim.o(i.HAL_TIM_PWM_PulseFinishedCallback)
    HAL_TIM_PeriodElapsedCallback            0x08001c79   Thumb Code    26  interruptinit.o(i.HAL_TIM_PeriodElapsedCallback)
    HAL_TIM_TriggerCallback                  0x08001ca1   Thumb Code     2  stm32f7xx_hal_tim.o(i.HAL_TIM_TriggerCallback)
    HAL_UART_DMAStop                         0x08001ca3   Thumb Code    84  stm32f7xx_hal_uart.o(i.HAL_UART_DMAStop)
    HAL_UART_ErrorCallback                   0x08001cf7   Thumb Code     2  stm32f7xx_hal_uart.o(i.HAL_UART_ErrorCallback)
    HAL_UART_IRQHandler                      0x08001cf9   Thumb Code   372  stm32f7xx_hal_uart.o(i.HAL_UART_IRQHandler)
    HAL_UART_Init                            0x08001e71   Thumb Code   106  stm32f7xx_hal_uart.o(i.HAL_UART_Init)
    HAL_UART_MspInit                         0x08001edd   Thumb Code   332  usart.o(i.HAL_UART_MspInit)
    HAL_UART_Receive_DMA                     0x0800205d   Thumb Code   134  stm32f7xx_hal_uart.o(i.HAL_UART_Receive_DMA)
    HAL_UART_Receive_IT                      0x080020f1   Thumb Code   142  stm32f7xx_hal_uart.o(i.HAL_UART_Receive_IT)
    HAL_UART_RxCpltCallback                  0x08002181   Thumb Code    42  interruptinit.o(i.HAL_UART_RxCpltCallback)
    HAL_UART_RxHalfCpltCallback              0x080021b9   Thumb Code     2  stm32f7xx_hal_uart.o(i.HAL_UART_RxHalfCpltCallback)
    HAL_UART_TxCpltCallback                  0x080021bd   Thumb Code    62  interruptinit.o(i.HAL_UART_TxCpltCallback)
    HardFault_Handler                        0x08002209   Thumb Code     2  stm32f7xx_it.o(i.HardFault_Handler)
    IDLE_Usart1_Rx_Task                      0x0800220d   Thumb Code    66  interrupt.o(i.IDLE_Usart1_Rx_Task)
    IDLE_Usart3_Rx_Task                      0x08002259   Thumb Code    72  interrupt.o(i.IDLE_Usart3_Rx_Task)
    INSSolve_Init                            0x080022ad   Thumb Code    12  inssolveinit.o(i.INSSolve_Init)
    INS_Align_Acc                            0x080022bd   Thumb Code   100  inssolve.o(i.INS_Align_Acc)
    INS_Align_AccMag                         0x08002329   Thumb Code    10  inssolve.o(i.INS_Align_AccMag)
    INS_Alignment                            0x08002339   Thumb Code     8  inssolve.o(i.INS_Alignment)
    INS_Att_Resolve                          0x08002345   Thumb Code   232  inssolve.o(i.INS_Att_Resolve)
    INS_Att_Update                           0x08002435   Thumb Code   444  inssolve.o(i.INS_Att_Update)
    INS_Cal                                  0x080025f5   Thumb Code    66  inssolveinit.o(i.INS_Cal)
    INS_Cal_Time                             0x08002649   Thumb Code    82  inssolve.o(i.INS_Cal_Time)
    INS_InitAlignment                        0x080026b5   Thumb Code   102  inssolve.o(i.INS_InitAlignment)
    INS_Load_Data                            0x0800272d   Thumb Code   114  inssolveinit.o(i.INS_Load_Data)
    INS_Pos_Resolve                          0x080027b1   Thumb Code    62  inssolve.o(i.INS_Pos_Resolve)
    INS_Storage_Sensor                       0x080027f1   Thumb Code   318  inssolve.o(i.INS_Storage_Sensor)
    INS_Vel_Resolve                          0x08002939   Thumb Code   142  inssolve.o(i.INS_Vel_Resolve)
    ISR_Tim1_Task                            0x080029cd   Thumb Code   110  interrupt.o(i.ISR_Tim1_Task)
    ISR_Tim6_Task                            0x08002a4d   Thumb Code    46  interrupt.o(i.ISR_Tim6_Task)
    ISR_Usart1_Rx_Task                       0x08002a89   Thumb Code     2  interrupt.o(i.ISR_Usart1_Rx_Task)
    ISR_Usart1_Tx_Task                       0x08002a8b   Thumb Code     2  interrupt.o(i.ISR_Usart1_Tx_Task)
    ISR_Usart3_Rx_Task                       0x08002a8d   Thumb Code     8  interrupt.o(i.ISR_Usart3_Rx_Task)
    ISR_Usart3_Tx_Task                       0x08002a99   Thumb Code     2  interrupt.o(i.ISR_Usart3_Tx_Task)
    KFFilter_Cal_State                       0x08002a9d   Thumb Code   738  kffilterinit.o(i.KFFilter_Cal_State)
    KFFilter_Init                            0x08002da1   Thumb Code   506  kffilterinit.o(i.KFFilter_Init)
    KFFilter_Measure_Update                  0x08002fc5   Thumb Code   240  kffilter.o(i.KFFilter_Measure_Update)
    KFFilter_State_Update                    0x080030cd   Thumb Code   362  kffilterinit.o(i.KFFilter_State_Update)
    KFFilter_Time_Updata                     0x0800324d   Thumb Code   182  kffilter.o(i.KFFilter_Time_Updata)
    MPU9255_Check                            0x08003325   Thumb Code    74  sensorread.o(i.MPU9255_Check)
    MPU9255_Config                           0x08003371   Thumb Code    10  sensorread.o(i.MPU9255_Config)
    MPU9255_Config_Check                     0x08003381   Thumb Code    52  sensorread.o(i.MPU9255_Config_Check)
    MPU9255_Init                             0x080033b5   Thumb Code   172  sensorread.o(i.MPU9255_Init)
    MPU9255_Mag_ReadReg                      0x08003465   Thumb Code    46  sensorread.o(i.MPU9255_Mag_ReadReg)
    MPU9255_Mag_WriteReg                     0x08003493   Thumb Code    76  sensorread.o(i.MPU9255_Mag_WriteReg)
    MPU9255_ReadReg                          0x080034e1   Thumb Code    48  sensorread.o(i.MPU9255_ReadReg)
    MPU9255_ReadRegs                         0x08003515   Thumb Code    90  sensorread.o(i.MPU9255_ReadRegs)
    MPU9255_WriteReg                         0x08003575   Thumb Code    52  sensorread.o(i.MPU9255_WriteReg)
    MX_DMA_Init                              0x080035ad   Thumb Code    38  dma.o(i.MX_DMA_Init)
    MX_GPIO_Init                             0x080035d9   Thumb Code   258  gpio.o(i.MX_GPIO_Init)
    MX_TIM1_Init                             0x08003765   Thumb Code    94  tim.o(i.MX_TIM1_Init)
    MX_TIM5_Init                             0x080037dd   Thumb Code    94  tim.o(i.MX_TIM5_Init)
    MX_TIM6_Init                             0x08003855   Thumb Code    64  tim.o(i.MX_TIM6_Init)
    MX_USART1_UART_Init                      0x080038ad   Thumb Code    60  usart.o(i.MX_USART1_UART_Init)
    MX_USART2_UART_Init                      0x08003905   Thumb Code    58  usart.o(i.MX_USART2_UART_Init)
    MX_USART3_UART_Init                      0x08003959   Thumb Code    60  usart.o(i.MX_USART3_UART_Init)
    Matrix_Add                               0x080039b1   Thumb Code    78  matrix.o(i.Matrix_Add)
    Matrix_Diag                              0x080039ff   Thumb Code    60  matrix.o(i.Matrix_Diag)
    Matrix_EG                                0x08003a3d   Thumb Code    78  matrix.o(i.Matrix_EG)
    Matrix_Init                              0x08003a91   Thumb Code     2  matrixinit.o(i.Matrix_Init)
    Matrix_Inver                             0x08003a93   Thumb Code    56  matrix.o(i.Matrix_Inver)
    Matrix_Mul                               0x08003acd   Thumb Code   140  matrix.o(i.Matrix_Mul)
    Matrix_Mul_Digit                         0x08003b5d   Thumb Code    64  matrix.o(i.Matrix_Mul_Digit)
    Matrix_Norm                              0x08003b9d   Thumb Code   116  matrix.o(i.Matrix_Norm)
    Matrix_Norm2                             0x08003c15   Thumb Code    78  matrix.o(i.Matrix_Norm2)
    Matrix_Opp                               0x08003c69   Thumb Code   508  matrix.o(i.Matrix_Opp)
    Matrix_Sub                               0x08003e71   Thumb Code    78  matrix.o(i.Matrix_Sub)
    Matrix_UD                                0x08003ec1   Thumb Code   480  matrix.o(i.Matrix_UD)
    MemManage_Handler                        0x080040a5   Thumb Code     2  stm32f7xx_it.o(i.MemManage_Handler)
    NMI_Handler                              0x080040a7   Thumb Code     2  stm32f7xx_it.o(i.NMI_Handler)
    PDRSolve_Init                            0x080040cb   Thumb Code     2  pdrsolveinit.o(i.PDRSolve_Init)
    PDR_Cal                                  0x080040cd   Thumb Code    56  pdrsolveinit.o(i.PDR_Cal)
    PDR_Detector                             0x08004119   Thumb Code     2  pdrsolve.o(i.PDR_Detector)
    PendSV_Handler                           0x0800411b   Thumb Code     2  stm32f7xx_it.o(i.PendSV_Handler)
    SPI_RW                                   0x0800411d   Thumb Code   182  sensorread.o(i.SPI_RW)
    SVC_Handler                              0x080041e1   Thumb Code     2  stm32f7xx_it.o(i.SVC_Handler)
    Sensor_Check                             0x080041e5   Thumb Code    14  sensorread.o(i.Sensor_Check)
    Sensor_Init                              0x080041f5   Thumb Code    24  sensorread.o(i.Sensor_Init)
    Sensor_Read                              0x08004215   Thumb Code   280  sensorread.o(i.Sensor_Read)
    Sensor_Read_Init                         0x0800433d   Thumb Code     8  sensorreadinit.o(i.Sensor_Read_Init)
    Sensor_Updata                            0x08004349   Thumb Code     4  sensorread.o(i.Sensor_Updata)
    SysTick_Handler                          0x0800434d   Thumb Code    14  stm32f7xx_it.o(i.SysTick_Handler)
    SystemClock_Config                       0x0800435d   Thumb Code   182  main.o(i.SystemClock_Config)
    SystemInit                               0x0800441d   Thumb Code    68  system_stm32f7xx.o(i.SystemInit)
    System_Init                              0x08004471   Thumb Code    80  config.o(i.System_Init)
    TIM1_UP_TIM10_IRQHandler                 0x080044dd   Thumb Code     6  stm32f7xx_it.o(i.TIM1_UP_TIM10_IRQHandler)
    TIM6_DAC_IRQHandler                      0x080044e9   Thumb Code     6  stm32f7xx_it.o(i.TIM6_DAC_IRQHandler)
    TIM_Base_SetConfig                       0x080044f5   Thumb Code   158  stm32f7xx_hal_tim.o(i.TIM_Base_SetConfig)
    TIM_ETR_SetConfig                        0x080045c1   Thumb Code    18  stm32f7xx_hal_tim.o(i.TIM_ETR_SetConfig)
    TaskSequence_Init                        0x08004629   Thumb Code   274  tasksequenceinit.o(i.TaskSequence_Init)
    Task_Activate                            0x08004759   Thumb Code    22  tasksequence.o(i.Task_Activate)
    Task_Create                              0x08004775   Thumb Code    16  tasksequence.o(i.Task_Create)
    Task_Delete                              0x08004789   Thumb Code    46  tasksequence.o(i.Task_Delete)
    Task_Run_Sequence                        0x080047bd   Thumb Code   122  tasksequence.o(i.Task_Run_Sequence)
    UART_AdvFeatureConfig                    0x08004841   Thumb Code   200  stm32f7xx_hal_uart.o(i.UART_AdvFeatureConfig)
    UART_CheckIdleState                      0x08004909   Thumb Code    64  stm32f7xx_hal_uart.o(i.UART_CheckIdleState)
    UART_SetConfig                           0x08004a95   Thumb Code   550  stm32f7xx_hal_uart.o(i.UART_SetConfig)
    UART_WaitOnFlagUntilTimeout              0x08004ced   Thumb Code   100  stm32f7xx_hal_uart.o(i.UART_WaitOnFlagUntilTimeout)
    USART1_IRQHandler                        0x08004d51   Thumb Code     6  stm32f7xx_it.o(i.USART1_IRQHandler)
    USART3_IRQHandler                        0x08004d5d   Thumb Code     6  stm32f7xx_it.o(i.USART3_IRQHandler)
    UsageFault_Handler                       0x08004d69   Thumb Code     2  stm32f7xx_it.o(i.UsageFault_Handler)
    _Error_Handler                           0x08004d6b   Thumb Code     2  main.o(i._Error_Handler)
    __ARM_fpclassify                         0x08004d6d   Thumb Code    48  fpclassify.o(i.__ARM_fpclassify)
    __hardfp_asin                            0x08004da1   Thumb Code   432  asin.o(i.__hardfp_asin)
    __hardfp_atan                            0x08004fa9   Thumb Code   402  atan.o(i.__hardfp_atan)
    __hardfp_atan2                           0x080051a9   Thumb Code   380  atan2.o(i.__hardfp_atan2)
    __hardfp_cos                             0x08005369   Thumb Code   158  cos.o(i.__hardfp_cos)
    __hardfp_sin                             0x08005419   Thumb Code   158  sin.o(i.__hardfp_sin)
    __hardfp_sqrt                            0x080054c9   Thumb Code   102  sqrt.o(i.__hardfp_sqrt)
    __ieee754_rem_pio2                       0x08005531   Thumb Code   646  rred.o(i.__ieee754_rem_pio2)
    __kernel_cos                             0x08005841   Thumb Code   182  cos_i.o(i.__kernel_cos)
    __kernel_poly                            0x08005921   Thumb Code   112  poly.o(i.__kernel_poly)
    __kernel_sin                             0x08005991   Thumb Code   144  sin_i.o(i.__kernel_sin)
    __mathlib_dbl_infnan                     0x08005a39   Thumb Code     6  dunder.o(i.__mathlib_dbl_infnan)
    __mathlib_dbl_infnan2                    0x08005a3f   Thumb Code     6  dunder.o(i.__mathlib_dbl_infnan2)
    __mathlib_dbl_invalid                    0x08005a49   Thumb Code    10  dunder.o(i.__mathlib_dbl_invalid)
    __mathlib_dbl_underflow                  0x08005a61   Thumb Code    10  dunder.o(i.__mathlib_dbl_underflow)
    __scatterload_copy                       0x08005a79   Thumb Code    14  handlers.o(i.__scatterload_copy)
    __scatterload_null                       0x08005a87   Thumb Code     2  handlers.o(i.__scatterload_null)
    __scatterload_zeroinit                   0x08005a89   Thumb Code    14  handlers.o(i.__scatterload_zeroinit)
    __set_errno                              0x08005a99   Thumb Code     6  errno.o(i.__set_errno)
    atan                                     0x08005aa5   Thumb Code    16  atan.o(i.atan)
    delay_init                               0x08005ab5   Thumb Code    40  delay.o(i.delay_init)
    delay_ms                                 0x08005ae1   Thumb Code    38  delay.o(i.delay_ms)
    delay_us                                 0x08005b0d   Thumb Code    38  delay.o(i.delay_us)
    euler2rotation                           0x08005b39   Thumb Code   204  inssolve.o(i.euler2rotation)
    fabs                                     0x08005c05   Thumb Code    24  fabs.o(i.fabs)
    main                                     0x08005c1d   Thumb Code   170  main.o(i.main)
    quat2rotation                            0x08005cd1   Thumb Code   222  inssolve.o(i.quat2rotation)
    rotation2euler                           0x08005db9   Thumb Code   164  inssolve.o(i.rotation2euler)
    rotation2quat                            0x08005e75   Thumb Code   486  inssolve.o(i.rotation2quat)
    sqrt                                     0x08006065   Thumb Code   106  sqrt.o(i.sqrt)
    sqrt_hf                                  0x080060d1   Thumb Code    30  inssolve.o(i.sqrt_hf)
    AHBPrescTable                            0x08006116   Data          16  system_stm32f7xx.o(.constdata)
    APBPrescTable                            0x08006126   Data           8  system_stm32f7xx.o(.constdata)
    __mathlib_zero                           0x08006250   Data           8  qnan.o(.constdata)
    Region$$Table$$Base                      0x08006348   Number         0  anon$$obj.o(Region$$Table)
    Region$$Table$$Limit                     0x08006368   Number         0  anon$$obj.o(Region$$Table)
    USART1_BaudRate                          0x20000000   Data           4  configinit.o(.data)
    USART3_BaudRate                          0x20000004   Data           4  configinit.o(.data)
    Task_Seque_Par                           0x20000008   Data          64  tasksequence.o(.data)
    Kalman_Set_Par                           0x2000006c   Data         156  kffilterinit.o(.data)
    Kalman_Par                               0x20000108   Data        1668  kffilterinit.o(.data)
    Kalman_Cal_Func                          0x2000078c   Data          20  kffilterinit.o(.data)
    PDR_Set_Par                              0x200007a0   Data          32  pdrsolve.o(.data)
    PDR_Cal_Func                             0x200007c0   Data          12  pdrsolve.o(.data)
    INS_Nav_Par                              0x200007d4   Data         144  inssolve.o(.data)
    INS_Cal_Par                              0x20000864   Data          44  inssolve.o(.data)
    temp                                     0x2000099c   Data           1  sensorread.o(.data)
    lastUpdate                               0x200009a0   Data           4  sensorread.o(.data)
    now                                      0x200009a4   Data           4  sensorread.o(.data)
    Calibration_Coe                          0x200009a8   Data          44  sensorread.o(.data)
    Sensor_Original_Info                     0x200009d4   Data       90480  sensorreadinit.o(.data)
    Dev_Set_Info                             0x20016b44   Data        2332  globaldefineinit.o(.data)
    SystemCoreClock                          0x20017460   Data           4  system_stm32f7xx.o(.data)
    uwTick                                   0x20017464   Data           4  stm32f7xx_hal.o(.data)
    Mat_Cal_Info                             0x20017468   Data          48  matrix.o(.data)
    htim1                                    0x2001749c   Data          64  tim.o(.bss)
    htim5                                    0x200174dc   Data          64  tim.o(.bss)
    htim6                                    0x2001751c   Data          64  tim.o(.bss)
    huart1                                   0x2001755c   Data         112  usart.o(.bss)
    huart2                                   0x200175cc   Data         112  usart.o(.bss)
    huart3                                   0x2001763c   Data         112  usart.o(.bss)
    hdma_usart1_tx                           0x200176ac   Data          96  usart.o(.bss)
    hdma_usart3_rx                           0x2001770c   Data          96  usart.o(.bss)
    hdma_usart3_tx                           0x2001776c   Data          96  usart.o(.bss)
    Uart_Control                             0x200177cc   Data        2168  configinit.o(.bss)
    Tim_Control                              0x20018044   Data         136  configinit.o(.bss)
    Task_Functions                           0x200180cc   Data         264  tasksequenceinit.o(.bss)
    tempDSxDP                                0x200181d4   Data         216  kffilter.o(.bss)
    tempDSxDS1                               0x200182ac   Data         324  kffilter.o(.bss)
    tempDSxDS2                               0x200183f0   Data         324  kffilter.o(.bss)
    tempDSxDS3                               0x20018534   Data         324  kffilter.o(.bss)
    tempDSxDS4                               0x20018678   Data         324  kffilter.o(.bss)
    tempDPxDS                                0x200187bc   Data         216  kffilter.o(.bss)
    tempDOxDO                                0x20018894   Data          36  kffilter.o(.bss)
    tempDOxDO2                               0x200188b8   Data          36  kffilter.o(.bss)
    tempDOxDO3                               0x200188dc   Data          36  kffilter.o(.bss)
    tempDSxDO1                               0x20018900   Data         108  kffilter.o(.bss)
    tempDSxDO2                               0x2001896c   Data         108  kffilter.o(.bss)
    Fc                                       0x200189d8   Data         324  kffilterinit.o(.bss)
    tempDSxDS                                0x20018b1c   Data         324  kffilterinit.o(.bss)
    Gc                                       0x20018c60   Data         216  kffilterinit.o(.bss)
    ft                                       0x20018d38   Data          12  kffilterinit.o(.bss)
    dcmError                                 0x20018d44   Data          36  kffilterinit.o(.bss)
    M3temp1                                  0x20018d68   Data          36  kffilterinit.o(.bss)
    M3temp2                                  0x20018d8c   Data          36  kffilterinit.o(.bss)
    INS_Sensor_Par                           0x20018db0   Data        3672  inssolve.o(.bss)
    IMU_Data                                 0x20019c08   Data         176  sensorread.o(.bss)
    IMU_Pre_Data                             0x20019cb8   Data         352  sensorread.o(.bss)
    IMU_Sol_Data                             0x20019e18   Data          88  sensorread.o(.bss)
    System_Work_Info                         0x20019e70   Data          32  globaldefineinit.o(.bss)
    TempM                                    0x20019e90   Data        4096  matrix.o(.bss)
    __initial_sp                             0x2001b290   Data           0  startup_stm32f767xx.o(STACK)



==============================================================================

Memory Map of the image

  Image Entry point : 0x080001f9

  Load Region LR_IROM1 (Base: 0x08000000, Size: 0x0001d804, Max: 0x00200000, ABSOLUTE, COMPRESSED[0x00006778])

    Execution Region ER_IROM1 (Base: 0x08000000, Size: 0x00006368, Max: 0x00200000, ABSOLUTE)

    Base Addr    Size         Type   Attr      Idx    E Section Name        Object

    0x08000000   0x000001f8   Data   RO         4189    RESET               startup_stm32f767xx.o
    0x080001f8   0x00000000   Code   RO         4554  * .ARM.Collect$$$$00000000  mc_w.l(entry.o)
    0x080001f8   0x00000004   Code   RO         4602    .ARM.Collect$$$$00000001  mc_w.l(entry2.o)
    0x080001fc   0x00000004   Code   RO         4605    .ARM.Collect$$$$00000004  mc_w.l(entry5.o)
    0x08000200   0x00000000   Code   RO         4607    .ARM.Collect$$$$00000008  mc_w.l(entry7b.o)
    0x08000200   0x00000000   Code   RO         4609    .ARM.Collect$$$$0000000A  mc_w.l(entry8b.o)
    0x08000200   0x00000008   Code   RO         4610    .ARM.Collect$$$$0000000B  mc_w.l(entry9a.o)
    0x08000208   0x00000000   Code   RO         4612    .ARM.Collect$$$$0000000D  mc_w.l(entry10a.o)
    0x08000208   0x00000000   Code   RO         4614    .ARM.Collect$$$$0000000F  mc_w.l(entry11a.o)
    0x08000208   0x00000004   Code   RO         4603    .ARM.Collect$$$$00002712  mc_w.l(entry2.o)
    0x0800020c   0x00000024   Code   RO         4190    .text               startup_stm32f767xx.o
    0x08000230   0x00000024   Code   RO         4557    .text               mc_w.l(memcpya.o)
    0x08000254   0x00000024   Code   RO         4559    .text               mc_w.l(memseta.o)
    0x08000278   0x00000000   Code   RO         4623    .text               mc_w.l(iusefp.o)
    0x08000278   0x00000024   Code   RO         4624    .text               mc_w.l(init.o)
    0x0800029c   0x00000056   Code   RO         4634    .text               mc_w.l(__dczerorl2.o)
    0x080002f2   0x00000002   Code   RO          472    i.BusFault_Handler  stm32f7xx_it.o
    0x080002f4   0x000000a8   Code   RO          614    i.Config_Init       configinit.o
    0x0800039c   0x0000000c   Code   RO          473    i.DMA1_Stream1_IRQHandler  stm32f7xx_it.o
    0x080003a8   0x0000000c   Code   RO          474    i.DMA1_Stream3_IRQHandler  stm32f7xx_it.o
    0x080003b4   0x0000000c   Code   RO          475    i.DMA2_Stream7_IRQHandler  stm32f7xx_it.o
    0x080003c0   0x00000028   Code   RO         3667    i.DMA_CalcBaseAndBitshift  stm32f7xx_hal_dma.o
    0x080003e8   0x00000054   Code   RO         3668    i.DMA_CheckFifoParam  stm32f7xx_hal_dma.o
    0x0800043c   0x00000028   Code   RO         3669    i.DMA_SetConfig     stm32f7xx_hal_dma.o
    0x08000464   0x00000002   Code   RO          476    i.DebugMon_Handler  stm32f7xx_it.o
    0x08000466   0x00000002   Code   RO         1398    i.GlobalDefine_Init  globaldefineinit.o
    0x08000468   0x00000092   Code   RO         3670    i.HAL_DMA_Abort     stm32f7xx_hal_dma.o
    0x080004fa   0x00000024   Code   RO         3671    i.HAL_DMA_Abort_IT  stm32f7xx_hal_dma.o
    0x0800051e   0x00000002   PAD
    0x08000520   0x000001a8   Code   RO         3675    i.HAL_DMA_IRQHandler  stm32f7xx_hal_dma.o
    0x080006c8   0x000000e4   Code   RO         3676    i.HAL_DMA_Init      stm32f7xx_hal_dma.o
    0x080007ac   0x0000007a   Code   RO         3680    i.HAL_DMA_Start_IT  stm32f7xx_hal_dma.o
    0x08000826   0x00000002   PAD
    0x08000828   0x000001d8   Code   RO         3568    i.HAL_GPIO_Init     stm32f7xx_hal_gpio.o
    0x08000a00   0x0000000a   Code   RO         3572    i.HAL_GPIO_WritePin  stm32f7xx_hal_gpio.o
    0x08000a0a   0x00000002   PAD
    0x08000a0c   0x0000000c   Code   RO         3411    i.HAL_GetTick       stm32f7xx_hal.o
    0x08000a18   0x00000010   Code   RO         3412    i.HAL_IncTick       stm32f7xx_hal.o
    0x08000a28   0x00000016   Code   RO         3413    i.HAL_Init          stm32f7xx_hal.o
    0x08000a3e   0x00000002   PAD
    0x08000a40   0x00000028   Code   RO         3414    i.HAL_InitTick      stm32f7xx_hal.o
    0x08000a68   0x00000058   Code   RO            4    i.HAL_MspInit       stm32f7xx_hal_msp.o
    0x08000ac0   0x00000016   Code   RO         2469    i.HAL_NVIC_EnableIRQ  stm32f7xx_hal_cortex.o
    0x08000ad6   0x00000002   PAD
    0x08000ad8   0x00000040   Code   RO         2475    i.HAL_NVIC_SetPriority  stm32f7xx_hal_cortex.o
    0x08000b18   0x00000024   Code   RO         2476    i.HAL_NVIC_SetPriorityGrouping  stm32f7xx_hal_cortex.o
    0x08000b3c   0x0000006c   Code   RO         3783    i.HAL_PWREx_EnableOverDrive  stm32f7xx_hal_pwr_ex.o
    0x08000ba8   0x0000071c   Code   RO         3633    i.HAL_RCCEx_PeriphCLKConfig  stm32f7xx_hal_rcc_ex.o
    0x080012c4   0x00000164   Code   RO         1935    i.HAL_RCC_ClockConfig  stm32f7xx_hal_rcc.o
    0x08001428   0x0000000c   Code   RO         1940    i.HAL_RCC_GetHCLKFreq  stm32f7xx_hal_rcc.o
    0x08001434   0x00000030   Code   RO         1942    i.HAL_RCC_GetPCLK1Freq  stm32f7xx_hal_rcc.o
    0x08001464   0x00000030   Code   RO         1943    i.HAL_RCC_GetPCLK2Freq  stm32f7xx_hal_rcc.o
    0x08001494   0x00000084   Code   RO         1944    i.HAL_RCC_GetSysClockFreq  stm32f7xx_hal_rcc.o
    0x08001518   0x00000370   Code   RO         1947    i.HAL_RCC_OscConfig  stm32f7xx_hal_rcc.o
    0x08001888   0x00000018   Code   RO         2478    i.HAL_SYSTICK_CLKSourceConfig  stm32f7xx_hal_cortex.o
    0x080018a0   0x00000002   Code   RO         2479    i.HAL_SYSTICK_Callback  stm32f7xx_hal_cortex.o
    0x080018a2   0x00000026   Code   RO         2480    i.HAL_SYSTICK_Config  stm32f7xx_hal_cortex.o
    0x080018c8   0x00000008   Code   RO         2481    i.HAL_SYSTICK_IRQHandler  stm32f7xx_hal_cortex.o
    0x080018d0   0x00000002   Code   RO         3869    i.HAL_TIMEx_BreakCallback  stm32f7xx_hal_tim_ex.o
    0x080018d2   0x00000002   Code   RO         3870    i.HAL_TIMEx_CommutationCallback  stm32f7xx_hal_tim_ex.o
    0x080018d4   0x00000058   Code   RO         3888    i.HAL_TIMEx_MasterConfigSynchronization  stm32f7xx_hal_tim_ex.o
    0x0800192c   0x00000036   Code   RO         2762    i.HAL_TIM_Base_Init  stm32f7xx_hal_tim.o
    0x08001962   0x00000002   PAD
    0x08001964   0x00000060   Code   RO          131    i.HAL_TIM_Base_MspInit  tim.o
    0x080019c4   0x0000001a   Code   RO         2765    i.HAL_TIM_Base_Start  stm32f7xx_hal_tim.o
    0x080019de   0x00000018   Code   RO         2767    i.HAL_TIM_Base_Start_IT  stm32f7xx_hal_tim.o
    0x080019f6   0x00000002   PAD
    0x080019f8   0x000000fc   Code   RO         2771    i.HAL_TIM_ConfigClockSource  stm32f7xx_hal_tim.o
    0x08001af4   0x00000002   Code   RO         2791    i.HAL_TIM_IC_CaptureCallback  stm32f7xx_hal_tim.o
    0x08001af6   0x0000017e   Code   RO         2804    i.HAL_TIM_IRQHandler  stm32f7xx_hal_tim.o
    0x08001c74   0x00000002   Code   RO         2807    i.HAL_TIM_OC_DelayElapsedCallback  stm32f7xx_hal_tim.o
    0x08001c76   0x00000002   Code   RO         2834    i.HAL_TIM_PWM_PulseFinishedCallback  stm32f7xx_hal_tim.o
    0x08001c78   0x00000028   Code   RO          710    i.HAL_TIM_PeriodElapsedCallback  interruptinit.o
    0x08001ca0   0x00000002   Code   RO         2845    i.HAL_TIM_TriggerCallback  stm32f7xx_hal_tim.o
    0x08001ca2   0x00000054   Code   RO         1604    i.HAL_UART_DMAStop  stm32f7xx_hal_uart.o
    0x08001cf6   0x00000002   Code   RO         1606    i.HAL_UART_ErrorCallback  stm32f7xx_hal_uart.o
    0x08001cf8   0x00000178   Code   RO         1609    i.HAL_UART_IRQHandler  stm32f7xx_hal_uart.o
    0x08001e70   0x0000006a   Code   RO         1610    i.HAL_UART_Init     stm32f7xx_hal_uart.o
    0x08001eda   0x00000002   PAD
    0x08001edc   0x00000180   Code   RO          185    i.HAL_UART_MspInit  usart.o
    0x0800205c   0x00000094   Code   RO         1614    i.HAL_UART_Receive_DMA  stm32f7xx_hal_uart.o
    0x080020f0   0x0000008e   Code   RO         1615    i.HAL_UART_Receive_IT  stm32f7xx_hal_uart.o
    0x0800217e   0x00000002   PAD
    0x08002180   0x00000038   Code   RO          711    i.HAL_UART_RxCpltCallback  interruptinit.o
    0x080021b8   0x00000002   Code   RO         1617    i.HAL_UART_RxHalfCpltCallback  stm32f7xx_hal_uart.o
    0x080021ba   0x00000002   PAD
    0x080021bc   0x0000004c   Code   RO          712    i.HAL_UART_TxCpltCallback  interruptinit.o
    0x08002208   0x00000002   Code   RO          477    i.HardFault_Handler  stm32f7xx_it.o
    0x0800220a   0x00000002   PAD
    0x0800220c   0x0000004c   Code   RO          645    i.IDLE_Usart1_Rx_Task  interrupt.o
    0x08002258   0x00000054   Code   RO          646    i.IDLE_Usart3_Rx_Task  interrupt.o
    0x080022ac   0x00000010   Code   RO          838    i.INSSolve_Init     inssolveinit.o
    0x080022bc   0x0000006c   Code   RO         1051    i.INS_Align_Acc     inssolve.o
    0x08002328   0x00000010   Code   RO         1052    i.INS_Align_AccMag  inssolve.o
    0x08002338   0x0000000c   Code   RO         1056    i.INS_Alignment     inssolve.o
    0x08002344   0x000000f0   Code   RO         1057    i.INS_Att_Resolve   inssolve.o
    0x08002434   0x000001c0   Code   RO         1058    i.INS_Att_Update    inssolve.o
    0x080025f4   0x00000054   Code   RO          839    i.INS_Cal           inssolveinit.o
    0x08002648   0x0000006c   Code   RO         1059    i.INS_Cal_Time      inssolve.o
    0x080026b4   0x00000078   Code   RO         1060    i.INS_InitAlignment  inssolve.o
    0x0800272c   0x00000084   Code   RO          840    i.INS_Load_Data     inssolveinit.o
    0x080027b0   0x0000003e   Code   RO         1061    i.INS_Pos_Resolve   inssolve.o
    0x080027ee   0x00000002   PAD
    0x080027f0   0x00000148   Code   RO         1062    i.INS_Storage_Sensor  inssolve.o
    0x08002938   0x00000094   Code   RO         1063    i.INS_Vel_Resolve   inssolve.o
    0x080029cc   0x00000080   Code   RO          647    i.ISR_Tim1_Task     interrupt.o
    0x08002a4c   0x0000003c   Code   RO          648    i.ISR_Tim6_Task     interrupt.o
    0x08002a88   0x00000002   Code   RO          649    i.ISR_Usart1_Rx_Task  interrupt.o
    0x08002a8a   0x00000002   Code   RO          650    i.ISR_Usart1_Tx_Task  interrupt.o
    0x08002a8c   0x0000000c   Code   RO          651    i.ISR_Usart3_Rx_Task  interrupt.o
    0x08002a98   0x00000002   Code   RO          652    i.ISR_Usart3_Tx_Task  interrupt.o
    0x08002a9a   0x00000002   PAD
    0x08002a9c   0x00000304   Code   RO          915    i.KFFilter_Cal_State  kffilterinit.o
    0x08002da0   0x00000224   Code   RO          916    i.KFFilter_Init     kffilterinit.o
    0x08002fc4   0x00000108   Code   RO          882    i.KFFilter_Measure_Update  kffilter.o
    0x080030cc   0x00000180   Code   RO          917    i.KFFilter_State_Update  kffilterinit.o
    0x0800324c   0x000000d8   Code   RO          883    i.KFFilter_Time_Updata  kffilter.o
    0x08003324   0x0000004a   Code   RO         1255    i.MPU9255_Check     sensorread.o
    0x0800336e   0x00000002   PAD
    0x08003370   0x00000010   Code   RO         1256    i.MPU9255_Config    sensorread.o
    0x08003380   0x00000034   Code   RO         1257    i.MPU9255_Config_Check  sensorread.o
    0x080033b4   0x000000b0   Code   RO         1258    i.MPU9255_Init      sensorread.o
    0x08003464   0x0000002e   Code   RO         1259    i.MPU9255_Mag_ReadReg  sensorread.o
    0x08003492   0x0000004c   Code   RO         1260    i.MPU9255_Mag_WriteReg  sensorread.o
    0x080034de   0x00000002   PAD
    0x080034e0   0x00000034   Code   RO         1261    i.MPU9255_ReadReg   sensorread.o
    0x08003514   0x00000060   Code   RO         1262    i.MPU9255_ReadRegs  sensorread.o
    0x08003574   0x00000038   Code   RO         1263    i.MPU9255_WriteReg  sensorread.o
    0x080035ac   0x0000002c   Code   RO          424    i.MX_DMA_Init       dma.o
    0x080035d8   0x00000114   Code   RO          448    i.MX_GPIO_Init      gpio.o
    0x080036ec   0x00000076   Code   RO          332    i.MX_NVIC_Init      main.o
    0x08003762   0x00000002   PAD
    0x08003764   0x00000078   Code   RO          132    i.MX_TIM1_Init      tim.o
    0x080037dc   0x00000078   Code   RO          133    i.MX_TIM5_Init      tim.o
    0x08003854   0x00000058   Code   RO          134    i.MX_TIM6_Init      tim.o
    0x080038ac   0x00000058   Code   RO          186    i.MX_USART1_UART_Init  usart.o
    0x08003904   0x00000054   Code   RO          187    i.MX_USART2_UART_Init  usart.o
    0x08003958   0x00000058   Code   RO          188    i.MX_USART3_UART_Init  usart.o
    0x080039b0   0x0000004e   Code   RO         4197    i.Matrix_Add        Matrix.lib(matrix.o)
    0x080039fe   0x0000003c   Code   RO         4198    i.Matrix_Diag       Matrix.lib(matrix.o)
    0x08003a3a   0x00000002   PAD
    0x08003a3c   0x00000054   Code   RO         4199    i.Matrix_EG         Matrix.lib(matrix.o)
    0x08003a90   0x00000002   Code   RO          959    i.Matrix_Init       matrixinit.o
    0x08003a92   0x00000038   Code   RO         4200    i.Matrix_Inver      Matrix.lib(matrix.o)
    0x08003aca   0x00000002   PAD
    0x08003acc   0x00000090   Code   RO         4201    i.Matrix_Mul        Matrix.lib(matrix.o)
    0x08003b5c   0x00000040   Code   RO         4202    i.Matrix_Mul_Digit  Matrix.lib(matrix.o)
    0x08003b9c   0x00000078   Code   RO         4203    i.Matrix_Norm       Matrix.lib(matrix.o)
    0x08003c14   0x00000054   Code   RO         4204    i.Matrix_Norm2      Matrix.lib(matrix.o)
    0x08003c68   0x00000208   Code   RO         4205    i.Matrix_Opp        Matrix.lib(matrix.o)
    0x08003e70   0x0000004e   Code   RO         4206    i.Matrix_Sub        Matrix.lib(matrix.o)
    0x08003ebe   0x00000002   PAD
    0x08003ec0   0x000001e4   Code   RO         4207    i.Matrix_UD         Matrix.lib(matrix.o)
    0x080040a4   0x00000002   Code   RO          478    i.MemManage_Handler  stm32f7xx_it.o
    0x080040a6   0x00000002   Code   RO          479    i.NMI_Handler       stm32f7xx_it.o
    0x080040a8   0x00000022   Code   RO         2482    i.NVIC_SetPriority  stm32f7xx_hal_cortex.o
    0x080040ca   0x00000002   Code   RO         1017    i.PDRSolve_Init     pdrsolveinit.o
    0x080040cc   0x0000004c   Code   RO         1018    i.PDR_Cal           pdrsolveinit.o
    0x08004118   0x00000002   Code   RO          983    i.PDR_Detector      pdrsolve.o
    0x0800411a   0x00000002   Code   RO          480    i.PendSV_Handler    stm32f7xx_it.o
    0x0800411c   0x000000c4   Code   RO         1264    i.SPI_RW            sensorread.o
    0x080041e0   0x00000002   Code   RO          481    i.SVC_Handler       stm32f7xx_it.o
    0x080041e2   0x00000002   PAD
    0x080041e4   0x0000000e   Code   RO         1265    i.Sensor_Check      sensorread.o
    0x080041f2   0x00000002   PAD
    0x080041f4   0x00000020   Code   RO         1266    i.Sensor_Init       sensorread.o
    0x08004214   0x00000128   Code   RO         1267    i.Sensor_Read       sensorread.o
    0x0800433c   0x0000000c   Code   RO         1368    i.Sensor_Read_Init  sensorreadinit.o
    0x08004348   0x00000004   Code   RO         1268    i.Sensor_Updata     sensorread.o
    0x0800434c   0x0000000e   Code   RO          482    i.SysTick_Handler   stm32f7xx_it.o
    0x0800435a   0x00000002   PAD
    0x0800435c   0x000000c0   Code   RO          333    i.SystemClock_Config  main.o
    0x0800441c   0x00000054   Code   RO         1436    i.SystemInit        system_stm32f7xx.o
    0x08004470   0x0000006c   Code   RO          590    i.System_Init       config.o
    0x080044dc   0x0000000c   Code   RO          483    i.TIM1_UP_TIM10_IRQHandler  stm32f7xx_it.o
    0x080044e8   0x0000000c   Code   RO          484    i.TIM6_DAC_IRQHandler  stm32f7xx_it.o
    0x080044f4   0x000000cc   Code   RO         2846    i.TIM_Base_SetConfig  stm32f7xx_hal_tim.o
    0x080045c0   0x00000012   Code   RO         2853    i.TIM_ETR_SetConfig  stm32f7xx_hal_tim.o
    0x080045d2   0x00000010   Code   RO         2854    i.TIM_ITRx_SetConfig  stm32f7xx_hal_tim.o
    0x080045e2   0x00000022   Code   RO         2860    i.TIM_TI1_ConfigInputStage  stm32f7xx_hal_tim.o
    0x08004604   0x00000024   Code   RO         2862    i.TIM_TI2_ConfigInputStage  stm32f7xx_hal_tim.o
    0x08004628   0x00000130   Code   RO          807    i.TaskSequence_Init  tasksequenceinit.o
    0x08004758   0x0000001c   Code   RO          752    i.Task_Activate     tasksequence.o
    0x08004774   0x00000014   Code   RO          753    i.Task_Create       tasksequence.o
    0x08004788   0x00000034   Code   RO          754    i.Task_Delete       tasksequence.o
    0x080047bc   0x00000084   Code   RO          756    i.Task_Run_Sequence  tasksequence.o
    0x08004840   0x000000c8   Code   RO         1623    i.UART_AdvFeatureConfig  stm32f7xx_hal_uart.o
    0x08004908   0x00000040   Code   RO         1624    i.UART_CheckIdleState  stm32f7xx_hal_uart.o
    0x08004948   0x00000014   Code   RO         1625    i.UART_DMAAbortOnError  stm32f7xx_hal_uart.o
    0x0800495c   0x0000004a   Code   RO         1626    i.UART_DMAError     stm32f7xx_hal_uart.o
    0x080049a6   0x0000003c   Code   RO         1627    i.UART_DMAReceiveCplt  stm32f7xx_hal_uart.o
    0x080049e2   0x0000000a   Code   RO         1628    i.UART_DMARxHalfCplt  stm32f7xx_hal_uart.o
    0x080049ec   0x0000001c   Code   RO         1631    i.UART_EndRxTransfer  stm32f7xx_hal_uart.o
    0x08004a08   0x00000012   Code   RO         1632    i.UART_EndTxTransfer  stm32f7xx_hal_uart.o
    0x08004a1a   0x00000078   Code   RO         1633    i.UART_Receive_IT   stm32f7xx_hal_uart.o
    0x08004a92   0x00000002   PAD
    0x08004a94   0x00000258   Code   RO         1634    i.UART_SetConfig    stm32f7xx_hal_uart.o
    0x08004cec   0x00000064   Code   RO         1635    i.UART_WaitOnFlagUntilTimeout  stm32f7xx_hal_uart.o
    0x08004d50   0x0000000c   Code   RO          485    i.USART1_IRQHandler  stm32f7xx_it.o
    0x08004d5c   0x0000000c   Code   RO          486    i.USART3_IRQHandler  stm32f7xx_it.o
    0x08004d68   0x00000002   Code   RO          487    i.UsageFault_Handler  stm32f7xx_it.o
    0x08004d6a   0x00000002   Code   RO          334    i._Error_Handler    main.o
    0x08004d6c   0x00000030   Code   RO         4586    i.__ARM_fpclassify  m_wv.l(fpclassify.o)
    0x08004d9c   0x00000004   PAD
    0x08004da0   0x00000208   Code   RO         4478    i.__hardfp_asin     m_wv.l(asin.o)
    0x08004fa8   0x00000200   Code   RO         4492    i.__hardfp_atan     m_wv.l(atan.o)
    0x080051a8   0x000001c0   Code   RO         4506    i.__hardfp_atan2    m_wv.l(atan2.o)
    0x08005368   0x000000b0   Code   RO         4518    i.__hardfp_cos      m_wv.l(cos.o)
    0x08005418   0x000000b0   Code   RO         4530    i.__hardfp_sin      m_wv.l(sin.o)
    0x080054c8   0x00000066   Code   RO         4542    i.__hardfp_sqrt     m_wv.l(sqrt.o)
    0x0800552e   0x00000002   PAD
    0x08005530   0x00000310   Code   RO         4591    i.__ieee754_rem_pio2  m_wv.l(rred.o)
    0x08005840   0x000000e0   Code   RO         4563    i.__kernel_cos      m_wv.l(cos_i.o)
    0x08005920   0x00000070   Code   RO         4588    i.__kernel_poly     m_wv.l(poly.o)
    0x08005990   0x000000a8   Code   RO         4596    i.__kernel_sin      m_wv.l(sin_i.o)
    0x08005a38   0x00000006   Code   RO         4567    i.__mathlib_dbl_infnan  m_wv.l(dunder.o)
    0x08005a3e   0x00000006   Code   RO         4568    i.__mathlib_dbl_infnan2  m_wv.l(dunder.o)
    0x08005a44   0x00000004   PAD
    0x08005a48   0x00000018   Code   RO         4569    i.__mathlib_dbl_invalid  m_wv.l(dunder.o)
    0x08005a60   0x00000018   Code   RO         4572    i.__mathlib_dbl_underflow  m_wv.l(dunder.o)
    0x08005a78   0x0000000e   Code   RO         4628    i.__scatterload_copy  mc_w.l(handlers.o)
    0x08005a86   0x00000002   Code   RO         4629    i.__scatterload_null  mc_w.l(handlers.o)
    0x08005a88   0x0000000e   Code   RO         4630    i.__scatterload_zeroinit  mc_w.l(handlers.o)
    0x08005a96   0x00000002   PAD
    0x08005a98   0x0000000c   Code   RO         4618    i.__set_errno       mc_w.l(errno.o)
    0x08005aa4   0x00000010   Code   RO         4494    i.atan              m_wv.l(atan.o)
    0x08005ab4   0x0000002c   Code   RO         1182    i.delay_init        delay.o
    0x08005ae0   0x0000002c   Code   RO         1183    i.delay_ms          delay.o
    0x08005b0c   0x0000002c   Code   RO         1184    i.delay_us          delay.o
    0x08005b38   0x000000cc   Code   RO         1064    i.euler2rotation    inssolve.o
    0x08005c04   0x00000018   Code   RO         4582    i.fabs              m_wv.l(fabs.o)
    0x08005c1c   0x000000b4   Code   RO          335    i.main              main.o
    0x08005cd0   0x000000e8   Code   RO         1065    i.quat2rotation     inssolve.o
    0x08005db8   0x000000bc   Code   RO         1066    i.rotation2euler    inssolve.o
    0x08005e74   0x000001f0   Code   RO         1067    i.rotation2quat     inssolve.o
    0x08006064   0x0000006a   Code   RO         4544    i.sqrt              m_wv.l(sqrt.o)
    0x080060ce   0x00000002   PAD
    0x080060d0   0x00000024   Code   RO         1068    i.sqrt_hf           inssolve.o
    0x080060f4   0x00000022   Data   RO         1271    .constdata          sensorread.o
    0x08006116   0x00000010   Data   RO         1437    .constdata          system_stm32f7xx.o
    0x08006126   0x00000008   Data   RO         1438    .constdata          system_stm32f7xx.o
    0x0800612e   0x00000008   Data   RO         3682    .constdata          stm32f7xx_hal_dma.o
    0x08006136   0x00000002   PAD
    0x08006138   0x00000050   Data   RO         4481    .constdata          m_wv.l(asin.o)
    0x08006188   0x00000098   Data   RO         4495    .constdata          m_wv.l(atan.o)
    0x08006220   0x00000030   Data   RO         4564    .constdata          m_wv.l(cos_i.o)
    0x08006250   0x00000008   Data   RO         4590    .constdata          m_wv.l(qnan.o)
    0x08006258   0x000000c8   Data   RO         4593    .constdata          m_wv.l(rred.o)
    0x08006320   0x00000028   Data   RO         4597    .constdata          m_wv.l(sin_i.o)
    0x08006348   0x00000020   Data   RO         4626    Region$$Table       anon$$obj.o


    Execution Region RW_IRAM1 (Base: 0x20000000, Size: 0x0001b290, Max: 0x00080000, ABSOLUTE, COMPRESSED[0x00000410])

    Base Addr    Size         Type   Attr      Idx    E Section Name        Object

    0x20000000   0x00000008   Data   RW          616    .data               configinit.o
    0x20000008   0x00000040   Data   RW          757    .data               tasksequence.o
    0x20000048   0x00000744   Data   RW          919    .data               kffilterinit.o
    0x2000078c   0x00000014   Data   RW          920    .data               kffilterinit.o
    0x200007a0   0x00000020   Data   RW          985    .data               pdrsolve.o
    0x200007c0   0x0000000c   Data   RW          986    .data               pdrsolve.o
    0x200007cc   0x000001cc   Data   RW         1070    .data               inssolve.o
    0x20000998   0x00000004   Data   RW         1185    .data               delay.o
    0x2000099c   0x00000038   Data   RW         1273    .data               sensorread.o
    0x200009d4   0x00016170   Data   RW         1369    .data               sensorreadinit.o
    0x20016b44   0x0000091c   Data   RW         1401    .data               globaldefineinit.o
    0x20017460   0x00000004   Data   RW         1439    .data               system_stm32f7xx.o
    0x20017464   0x00000004   Data   RW         3419    .data               stm32f7xx_hal.o
    0x20017468   0x00000030   Data   RW         4209    .data               Matrix.lib(matrix.o)
    0x20017498   0x00000004   Data   RW         4619    .data               mc_w.l(errno.o)
    0x2001749c   0x000000c0   Zero   RW          135    .bss                tim.o
    0x2001755c   0x00000270   Zero   RW          189    .bss                usart.o
    0x200177cc   0x00000900   Zero   RW          615    .bss                configinit.o
    0x200180cc   0x00000108   Zero   RW          808    .bss                tasksequenceinit.o
    0x200181d4   0x00000804   Zero   RW          884    .bss                kffilter.o
    0x200189d8   0x000003d8   Zero   RW          918    .bss                kffilterinit.o
    0x20018db0   0x00000e58   Zero   RW         1069    .bss                inssolve.o
    0x20019c08   0x00000268   Zero   RW         1270    .bss                sensorread.o
    0x20019e70   0x00000020   Zero   RW         1400    .bss                globaldefineinit.o
    0x20019e90   0x00001000   Zero   RW         4208    .bss                Matrix.lib(matrix.o)
    0x2001ae90   0x00000400   Zero   RW         4187    STACK               startup_stm32f767xx.o


==============================================================================

Image component sizes


      Code (inc. data)   RO Data    RW Data    ZI Data      Debug   Object Name

       108         28          0          0          0        550   config.o
       168         44          0          8       2304       2397   configinit.o
       132         16          0          4          0       1971   delay.o
        44          6          0          0          0        802   dma.o
         2          0          0       2332         32       2936   globaldefineinit.o
       276         18          0          0          0       1063   gpio.o
      2746        142          0        460       3672      14271   inssolve.o
       232         40          0          0          0       3026   inssolveinit.o
       366         58          0          0          0       4790   interrupt.o
       172         42          0          0          0       2240   interruptinit.o
       480         58          0          0       2052       1869   kffilter.o
      1704         98          0       1880        984       5437   kffilterinit.o
       492         20          0          0          0      35312   main.o
         2          0          0          0          0        490   matrixinit.o
         2          0          0         44          0       1512   pdrsolve.o
        78         20          0          0          0       1082   pdrsolveinit.o
      1186         62         34         56        616      11720   sensorread.o
        12          4          0      90480          0       1514   sensorreadinit.o
        36          8        504          0       1024        824   startup_stm32f767xx.o
        90         18          0          4          0       3323   stm32f7xx_hal.o
       228         12          0          0          0      37429   stm32f7xx_hal_cortex.o
      1120         22          8          0          0       7590   stm32f7xx_hal_dma.o
       482         54          0          0          0       2632   stm32f7xx_hal_gpio.o
        88          0          0          0          0     848894   stm32f7xx_hal_msp.o
       108          8          0          0          0       1308   stm32f7xx_hal_pwr_ex.o
      1476         74          0          0          0       5808   stm32f7xx_hal_rcc.o
      1820         16          0          0          0       2520   stm32f7xx_hal_rcc_ex.o
      1054         52          0          0          0      10954   stm32f7xx_hal_tim.o
        92         10          0          0          0       2634   stm32f7xx_hal_tim_ex.o
      2154         88          0          0          0      14606   stm32f7xx_hal_uart.o
       114         42          0          0          0       7709   stm32f7xx_it.o
        84         16         24          4          0       1287   system_stm32f7xx.o
       232         26          0         64          0       4303   tasksequence.o
       304         30          0          0        264       3079   tasksequenceinit.o
       424         94          0          0        192       3032   tim.o
       644        134          0          0        624      14603   usart.o

    ----------------------------------------------------------------------
     18792       1360        604      95336      11764    1065517   Object Totals
         0          0         32          0          0          0   (incl. Generated)
        40          0          2          0          0          0   (incl. Padding)

    ----------------------------------------------------------------------

      Code (inc. data)   RO Data    RW Data    ZI Data      Debug   Library Member Name

      1772         36          0         48       4096      14450   matrix.o
       520         88         80          0          0        252   asin.o
       528        110        152          0          0        348   atan.o
       448         68          0          0          0        180   atan2.o
       176         18          0          0          0        156   cos.o
       224         42         48          0          0        184   cos_i.o
        60         28          0          0          0        464   dunder.o
        24          0          0          0          0        124   fabs.o
        48          0          0          0          0        124   fpclassify.o
       112          0          0          0          0        116   poly.o
         0          0          8          0          0          0   qnan.o
       784        138        200          0          0        172   rred.o
       176         18          0          0          0        160   sin.o
       168         24         40          0          0        196   sin_i.o
       208          0          0          0          0        280   sqrt.o
        86          0          0          0          0          0   __dczerorl2.o
         0          0          0          0          0          0   entry.o
         0          0          0          0          0          0   entry10a.o
         0          0          0          0          0          0   entry11a.o
         8          4          0          0          0          0   entry2.o
         4          0          0          0          0          0   entry5.o
         0          0          0          0          0          0   entry7b.o
         0          0          0          0          0          0   entry8b.o
         8          4          0          0          0          0   entry9a.o
        12          6          0          4          0         68   errno.o
        30          0          0          0          0          0   handlers.o
        36          8          0          0          0         68   init.o
         0          0          0          0          0          0   iusefp.o
        36          0          0          0          0         68   memcpya.o
        36          0          0          0          0        108   memseta.o

    ----------------------------------------------------------------------
      5524        592        528         52       4096      17518   Library Totals
        20          0          0          0          0          0   (incl. Padding)

    ----------------------------------------------------------------------

      Code (inc. data)   RO Data    RW Data    ZI Data      Debug   Library Name

      1772         36          0         48       4096      14450   Matrix.lib
      3476        534        528          0          0       2756   m_wv.l
       256         22          0          4          0        312   mc_w.l

    ----------------------------------------------------------------------
      5524        592        528         52       4096      17518   Library Totals

    ----------------------------------------------------------------------

==============================================================================


      Code (inc. data)   RO Data    RW Data    ZI Data      Debug   

     24316       1952       1132      95388      15860    1066067   Grand Totals
     24316       1952       1132       1040      15860    1066067   ELF Image Totals (compressed)
     24316       1952       1132       1040          0          0   ROM Totals

==============================================================================

    Total RO  Size (Code + RO Data)                25448 (  24.85kB)
    Total RW  Size (RW Data + ZI Data)            111248 ( 108.64kB)
    Total ROM Size (Code + RO Data + RW Data)      26488 (  25.87kB)

==============================================================================

